<?xml version="1.0" encoding="ISO-8859-1" ?>
<link_info>
   <banner>TI ARM Linker PC v20.2.5.LTS</banner>
   <copyright>Copyright (c) 1996-2018 Texas Instruments Incorporated</copyright>
   <link_time>0x61b57441</link_time>
   <link_errors>0x0</link_errors>
   <output_file>SD_FATFS.out</output_file>
   <entry_point>
      <name>_c_int00_noargs</name>
      <address>0x9355</address>
   </entry_point>
   <input_file_list>
      <input_file id="fl-2">
         <path>.\</path>
         <kind>object</kind>
         <file>main.obj</file>
         <name>main.obj</name>
      </input_file>
      <input_file id="fl-3">
         <path>.\</path>
         <kind>object</kind>
         <file>startup_msp432p401r_ccs.obj</file>
         <name>startup_msp432p401r_ccs.obj</name>
      </input_file>
      <input_file id="fl-4">
         <path>.\</path>
         <kind>object</kind>
         <file>system_msp432p401r.obj</file>
         <name>system_msp432p401r.obj</name>
      </input_file>
      <input_file id="fl-5">
         <path>.\Devices\</path>
         <kind>object</kind>
         <file>MSPIO.obj</file>
         <name>MSPIO.obj</name>
      </input_file>
      <input_file id="fl-6">
         <path>.\Hardware\</path>
         <kind>object</kind>
         <file>CS_Driver.obj</file>
         <name>CS_Driver.obj</name>
      </input_file>
      <input_file id="fl-7">
         <path>.\Hardware\</path>
         <kind>object</kind>
         <file>GPIO_Driver.obj</file>
         <name>GPIO_Driver.obj</name>
      </input_file>
      <input_file id="fl-8">
         <path>.\Hardware\</path>
         <kind>object</kind>
         <file>SPI_Driver.obj</file>
         <name>SPI_Driver.obj</name>
      </input_file>
      <input_file id="fl-9">
         <path>.\Hardware\</path>
         <kind>object</kind>
         <file>TIMERA_Driver.obj</file>
         <name>TIMERA_Driver.obj</name>
      </input_file>
      <input_file id="fl-a">
         <path>.\Hardware\</path>
         <kind>object</kind>
         <file>UART_Driver.obj</file>
         <name>UART_Driver.obj</name>
      </input_file>
      <input_file id="fl-b">
         <path>.\fatfs\</path>
         <kind>object</kind>
         <file>diskio.obj</file>
         <name>diskio.obj</name>
      </input_file>
      <input_file id="fl-c">
         <path>.\fatfs\</path>
         <kind>object</kind>
         <file>ff.obj</file>
         <name>ff.obj</name>
      </input_file>
      <input_file id="fl-d">
         <path>.\fatfs\</path>
         <kind>object</kind>
         <file>ffsystem.obj</file>
         <name>ffsystem.obj</name>
      </input_file>
      <input_file id="fl-e">
         <path>.\fatfs\</path>
         <kind>object</kind>
         <file>ffunicode.obj</file>
         <name>ffunicode.obj</name>
      </input_file>
      <input_file id="fl-f">
         <path>.\fatfs\</path>
         <kind>object</kind>
         <file>mmc_MSP432P401r.obj</file>
         <name>mmc_MSP432P401r.obj</name>
      </input_file>
      <input_file id="fl-10">
         <path>.\src\</path>
         <kind>object</kind>
         <file>buzzer.obj</file>
         <name>buzzer.obj</name>
      </input_file>
      <input_file id="fl-11">
         <path>.\src\</path>
         <kind>object</kind>
         <file>lcd.obj</file>
         <name>lcd.obj</name>
      </input_file>
      <input_file id="fl-12">
         <path>.\src\</path>
         <kind>object</kind>
         <file>mode.obj</file>
         <name>mode.obj</name>
      </input_file>
      <input_file id="fl-13">
         <path>.\src\</path>
         <kind>object</kind>
         <file>mpu.obj</file>
         <name>mpu.obj</name>
      </input_file>
      <input_file id="fl-14">
         <path>.\src\</path>
         <kind>object</kind>
         <file>my_file_func.obj</file>
         <name>my_file_func.obj</name>
      </input_file>
      <input_file id="fl-15">
         <path>.\src\</path>
         <kind>object</kind>
         <file>rtc.obj</file>
         <name>rtc.obj</name>
      </input_file>
      <input_file id="fl-16">
         <path>.\src\</path>
         <kind>object</kind>
         <file>sd_card.obj</file>
         <name>sd_card.obj</name>
      </input_file>
      <input_file id="fl-17">
         <path>.\src\</path>
         <kind>object</kind>
         <file>sw420.obj</file>
         <name>sw420.obj</name>
      </input_file>
      <input_file id="fl-1c">
         <kind>object</kind>
         <file>&lt;internal&gt;</file>
         <name>&lt;internal&gt;</name>
      </input_file>
      <input_file id="fl-d2">
         <path>C:\ti\ccs1040\ccs\tools\compiler\ti-cgt-arm_20.2.5.LTS\lib\</path>
         <kind>archive</kind>
         <file>rtsv7M4_T_le_v4SPD16_eabi.lib</file>
         <name>printf.c.obj</name>
      </input_file>
      <input_file id="fl-d3">
         <path>C:\ti\ccs1040\ccs\tools\compiler\ti-cgt-arm_20.2.5.LTS\lib\</path>
         <kind>archive</kind>
         <file>rtsv7M4_T_le_v4SPD16_eabi.lib</file>
         <name>_printfi.c.obj</name>
      </input_file>
      <input_file id="fl-d4">
         <path>C:\ti\ccs1040\ccs\tools\compiler\ti-cgt-arm_20.2.5.LTS\lib\</path>
         <kind>archive</kind>
         <file>rtsv7M4_T_le_v4SPD16_eabi.lib</file>
         <name>sprintf.c.obj</name>
      </input_file>
      <input_file id="fl-d5">
         <path>C:\ti\ccs1040\ccs\tools\compiler\ti-cgt-arm_20.2.5.LTS\lib\</path>
         <kind>archive</kind>
         <file>rtsv7M4_T_le_v4SPD16_eabi.lib</file>
         <name>fputc.c.obj</name>
      </input_file>
      <input_file id="fl-d6">
         <path>C:\ti\ccs1040\ccs\tools\compiler\ti-cgt-arm_20.2.5.LTS\lib\</path>
         <kind>archive</kind>
         <file>rtsv7M4_T_le_v4SPD16_eabi.lib</file>
         <name>fputs.c.obj</name>
      </input_file>
      <input_file id="fl-d7">
         <path>C:\ti\ccs1040\ccs\tools\compiler\ti-cgt-arm_20.2.5.LTS\lib\</path>
         <kind>archive</kind>
         <file>rtsv7M4_T_le_v4SPD16_eabi.lib</file>
         <name>_io_perm.c.obj</name>
      </input_file>
      <input_file id="fl-d8">
         <path>C:\ti\ccs1040\ccs\tools\compiler\ti-cgt-arm_20.2.5.LTS\lib\</path>
         <kind>archive</kind>
         <file>rtsv7M4_T_le_v4SPD16_eabi.lib</file>
         <name>setvbuf.c.obj</name>
      </input_file>
      <input_file id="fl-d9">
         <path>C:\ti\ccs1040\ccs\tools\compiler\ti-cgt-arm_20.2.5.LTS\lib\</path>
         <kind>archive</kind>
         <file>rtsv7M4_T_le_v4SPD16_eabi.lib</file>
         <name>s_frexp.c.obj</name>
      </input_file>
      <input_file id="fl-da">
         <path>C:\ti\ccs1040\ccs\tools\compiler\ti-cgt-arm_20.2.5.LTS\lib\</path>
         <kind>archive</kind>
         <file>rtsv7M4_T_le_v4SPD16_eabi.lib</file>
         <name>s_scalbn.c.obj</name>
      </input_file>
      <input_file id="fl-db">
         <path>C:\ti\ccs1040\ccs\tools\compiler\ti-cgt-arm_20.2.5.LTS\lib\</path>
         <kind>archive</kind>
         <file>rtsv7M4_T_le_v4SPD16_eabi.lib</file>
         <name>wcslen.c.obj</name>
      </input_file>
      <input_file id="fl-dc">
         <path>C:\ti\ccs1040\ccs\tools\compiler\ti-cgt-arm_20.2.5.LTS\lib\</path>
         <kind>archive</kind>
         <file>rtsv7M4_T_le_v4SPD16_eabi.lib</file>
         <name>fd_add_t2.asm.obj</name>
      </input_file>
      <input_file id="fl-dd">
         <path>C:\ti\ccs1040\ccs\tools\compiler\ti-cgt-arm_20.2.5.LTS\lib\</path>
         <kind>archive</kind>
         <file>rtsv7M4_T_le_v4SPD16_eabi.lib</file>
         <name>fd_cmp_t2.asm.obj</name>
      </input_file>
      <input_file id="fl-de">
         <path>C:\ti\ccs1040\ccs\tools\compiler\ti-cgt-arm_20.2.5.LTS\lib\</path>
         <kind>archive</kind>
         <file>rtsv7M4_T_le_v4SPD16_eabi.lib</file>
         <name>fd_div_t2.asm.obj</name>
      </input_file>
      <input_file id="fl-df">
         <path>C:\ti\ccs1040\ccs\tools\compiler\ti-cgt-arm_20.2.5.LTS\lib\</path>
         <kind>archive</kind>
         <file>rtsv7M4_T_le_v4SPD16_eabi.lib</file>
         <name>fd_mul_t2.asm.obj</name>
      </input_file>
      <input_file id="fl-e0">
         <path>C:\ti\ccs1040\ccs\tools\compiler\ti-cgt-arm_20.2.5.LTS\lib\</path>
         <kind>archive</kind>
         <file>rtsv7M4_T_le_v4SPD16_eabi.lib</file>
         <name>fd_toi_t2.asm.obj</name>
      </input_file>
      <input_file id="fl-e1">
         <path>C:\ti\ccs1040\ccs\tools\compiler\ti-cgt-arm_20.2.5.LTS\lib\</path>
         <kind>archive</kind>
         <file>rtsv7M4_T_le_v4SPD16_eabi.lib</file>
         <name>fd_tos_t2.asm.obj</name>
      </input_file>
      <input_file id="fl-e2">
         <path>C:\ti\ccs1040\ccs\tools\compiler\ti-cgt-arm_20.2.5.LTS\lib\</path>
         <kind>archive</kind>
         <file>rtsv7M4_T_le_v4SPD16_eabi.lib</file>
         <name>fs_tod_t2.asm.obj</name>
      </input_file>
      <input_file id="fl-e3">
         <path>C:\ti\ccs1040\ccs\tools\compiler\ti-cgt-arm_20.2.5.LTS\lib\</path>
         <kind>archive</kind>
         <file>rtsv7M4_T_le_v4SPD16_eabi.lib</file>
         <name>i_tofd_t2.asm.obj</name>
      </input_file>
      <input_file id="fl-e4">
         <path>C:\ti\ccs1040\ccs\tools\compiler\ti-cgt-arm_20.2.5.LTS\lib\</path>
         <kind>archive</kind>
         <file>rtsv7M4_T_le_v4SPD16_eabi.lib</file>
         <name>memcpy_t2.asm.obj</name>
      </input_file>
      <input_file id="fl-e5">
         <path>C:\ti\ccs1040\ccs\tools\compiler\ti-cgt-arm_20.2.5.LTS\lib\</path>
         <kind>archive</kind>
         <file>rtsv7M4_T_le_v4SPD16_eabi.lib</file>
         <name>ull_div_t2.asm.obj</name>
      </input_file>
      <input_file id="fl-e6">
         <path>C:\ti\ccs1040\ccs\tools\compiler\ti-cgt-arm_20.2.5.LTS\lib\</path>
         <kind>archive</kind>
         <file>rtsv7M4_T_le_v4SPD16_eabi.lib</file>
         <name>memset_t2.asm.obj</name>
      </input_file>
      <input_file id="fl-e7">
         <path>C:\ti\ccs1040\ccs\tools\compiler\ti-cgt-arm_20.2.5.LTS\lib\</path>
         <kind>archive</kind>
         <file>rtsv7M4_T_le_v4SPD16_eabi.lib</file>
         <name>copy_zero_init.c.obj</name>
      </input_file>
      <input_file id="fl-e8">
         <path>C:\ti\ccs1040\ccs\tools\compiler\ti-cgt-arm_20.2.5.LTS\lib\</path>
         <kind>archive</kind>
         <file>rtsv7M4_T_le_v4SPD16_eabi.lib</file>
         <name>copy_decompress_none.c.obj</name>
      </input_file>
      <input_file id="fl-e9">
         <path>C:\ti\ccs1040\ccs\tools\compiler\ti-cgt-arm_20.2.5.LTS\lib\</path>
         <kind>archive</kind>
         <file>rtsv7M4_T_le_v4SPD16_eabi.lib</file>
         <name>copy_decompress_lzss.c.obj</name>
      </input_file>
      <input_file id="fl-ea">
         <path>C:\ti\ccs1040\ccs\tools\compiler\ti-cgt-arm_20.2.5.LTS\lib\</path>
         <kind>archive</kind>
         <file>rtsv7M4_T_le_v4SPD16_eabi.lib</file>
         <name>exit.c.obj</name>
      </input_file>
      <input_file id="fl-eb">
         <path>C:\ti\ccs1040\ccs\tools\compiler\ti-cgt-arm_20.2.5.LTS\lib\</path>
         <kind>archive</kind>
         <file>rtsv7M4_T_le_v4SPD16_eabi.lib</file>
         <name>_lock.c.obj</name>
      </input_file>
      <input_file id="fl-ec">
         <path>C:\ti\ccs1040\ccs\tools\compiler\ti-cgt-arm_20.2.5.LTS\lib\</path>
         <kind>archive</kind>
         <file>rtsv7M4_T_le_v4SPD16_eabi.lib</file>
         <name>_ltoa.c.obj</name>
      </input_file>
      <input_file id="fl-ed">
         <path>C:\ti\ccs1040\ccs\tools\compiler\ti-cgt-arm_20.2.5.LTS\lib\</path>
         <kind>archive</kind>
         <file>rtsv7M4_T_le_v4SPD16_eabi.lib</file>
         <name>atoi.c.obj</name>
      </input_file>
      <input_file id="fl-ee">
         <path>C:\ti\ccs1040\ccs\tools\compiler\ti-cgt-arm_20.2.5.LTS\lib\</path>
         <kind>archive</kind>
         <file>rtsv7M4_T_le_v4SPD16_eabi.lib</file>
         <name>ctype.c.obj</name>
      </input_file>
      <input_file id="fl-ef">
         <path>C:\ti\ccs1040\ccs\tools\compiler\ti-cgt-arm_20.2.5.LTS\lib\</path>
         <kind>archive</kind>
         <file>rtsv7M4_T_le_v4SPD16_eabi.lib</file>
         <name>defs.c.obj</name>
      </input_file>
      <input_file id="fl-f0">
         <path>C:\ti\ccs1040\ccs\tools\compiler\ti-cgt-arm_20.2.5.LTS\lib\</path>
         <kind>archive</kind>
         <file>rtsv7M4_T_le_v4SPD16_eabi.lib</file>
         <name>localtim.c.obj</name>
      </input_file>
      <input_file id="fl-f1">
         <path>C:\ti\ccs1040\ccs\tools\compiler\ti-cgt-arm_20.2.5.LTS\lib\</path>
         <kind>archive</kind>
         <file>rtsv7M4_T_le_v4SPD16_eabi.lib</file>
         <name>memccpy.c.obj</name>
      </input_file>
      <input_file id="fl-f2">
         <path>C:\ti\ccs1040\ccs\tools\compiler\ti-cgt-arm_20.2.5.LTS\lib\</path>
         <kind>archive</kind>
         <file>rtsv7M4_T_le_v4SPD16_eabi.lib</file>
         <name>memchr.c.obj</name>
      </input_file>
      <input_file id="fl-f3">
         <path>C:\ti\ccs1040\ccs\tools\compiler\ti-cgt-arm_20.2.5.LTS\lib\</path>
         <kind>archive</kind>
         <file>rtsv7M4_T_le_v4SPD16_eabi.lib</file>
         <name>memory.c.obj</name>
      </input_file>
      <input_file id="fl-f4">
         <path>C:\ti\ccs1040\ccs\tools\compiler\ti-cgt-arm_20.2.5.LTS\lib\</path>
         <kind>archive</kind>
         <file>rtsv7M4_T_le_v4SPD16_eabi.lib</file>
         <name>mktime.c.obj</name>
      </input_file>
      <input_file id="fl-f5">
         <path>C:\ti\ccs1040\ccs\tools\compiler\ti-cgt-arm_20.2.5.LTS\lib\</path>
         <kind>archive</kind>
         <file>rtsv7M4_T_le_v4SPD16_eabi.lib</file>
         <name>strchr.c.obj</name>
      </input_file>
      <input_file id="fl-f6">
         <path>C:\ti\ccs1040\ccs\tools\compiler\ti-cgt-arm_20.2.5.LTS\lib\</path>
         <kind>archive</kind>
         <file>rtsv7M4_T_le_v4SPD16_eabi.lib</file>
         <name>strlen.c.obj</name>
      </input_file>
      <input_file id="fl-f7">
         <path>C:\ti\ccs1040\ccs\tools\compiler\ti-cgt-arm_20.2.5.LTS\lib\</path>
         <kind>archive</kind>
         <file>rtsv7M4_T_le_v4SPD16_eabi.lib</file>
         <name>tmzone.c.obj</name>
      </input_file>
      <input_file id="fl-f8">
         <path>C:\ti\ccs1040\ccs\tools\compiler\ti-cgt-arm_20.2.5.LTS\lib\</path>
         <kind>archive</kind>
         <file>rtsv7M4_T_le_v4SPD16_eabi.lib</file>
         <name>errno.c.obj</name>
      </input_file>
      <input_file id="fl-f9">
         <path>C:\ti\ccs1040\ccs\tools\compiler\ti-cgt-arm_20.2.5.LTS\lib\</path>
         <kind>archive</kind>
         <file>rtsv7M4_T_le_v4SPD16_eabi.lib</file>
         <name>boot_cortex_m.c.obj</name>
      </input_file>
      <input_file id="fl-fa">
         <path>C:\ti\ccs1040\ccs\tools\compiler\ti-cgt-arm_20.2.5.LTS\lib\</path>
         <kind>archive</kind>
         <file>rtsv7M4_T_le_v4SPD16_eabi.lib</file>
         <name>write.c.obj</name>
      </input_file>
      <input_file id="fl-fb">
         <path>C:\ti\ccs1040\ccs\tools\compiler\ti-cgt-arm_20.2.5.LTS\lib\</path>
         <kind>archive</kind>
         <file>rtsv7M4_T_le_v4SPD16_eabi.lib</file>
         <name>host_device.c.obj</name>
      </input_file>
      <input_file id="fl-fc">
         <path>C:\ti\ccs1040\ccs\tools\compiler\ti-cgt-arm_20.2.5.LTS\lib\</path>
         <kind>archive</kind>
         <file>rtsv7M4_T_le_v4SPD16_eabi.lib</file>
         <name>time.c.obj</name>
      </input_file>
      <input_file id="fl-fd">
         <path>C:\ti\ccs1040\ccs\tools\compiler\ti-cgt-arm_20.2.5.LTS\lib\</path>
         <kind>archive</kind>
         <file>rtsv7M4_T_le_v4SPD16_eabi.lib</file>
         <name>fflush.c.obj</name>
      </input_file>
      <input_file id="fl-fe">
         <path>C:\ti\ccs1040\ccs\tools\compiler\ti-cgt-arm_20.2.5.LTS\lib\</path>
         <kind>archive</kind>
         <file>rtsv7M4_T_le_v4SPD16_eabi.lib</file>
         <name>fopen.c.obj</name>
      </input_file>
      <input_file id="fl-ff">
         <path>C:\ti\ccs1040\ccs\tools\compiler\ti-cgt-arm_20.2.5.LTS\lib\</path>
         <kind>archive</kind>
         <file>rtsv7M4_T_le_v4SPD16_eabi.lib</file>
         <name>fseek.c.obj</name>
      </input_file>
      <input_file id="fl-100">
         <path>C:\ti\ccs1040\ccs\tools\compiler\ti-cgt-arm_20.2.5.LTS\lib\</path>
         <kind>archive</kind>
         <file>rtsv7M4_T_le_v4SPD16_eabi.lib</file>
         <name>s_copysign.c.obj</name>
      </input_file>
      <input_file id="fl-101">
         <path>C:\ti\ccs1040\ccs\tools\compiler\ti-cgt-arm_20.2.5.LTS\lib\</path>
         <kind>archive</kind>
         <file>rtsv7M4_T_le_v4SPD16_eabi.lib</file>
         <name>div0.asm.obj</name>
      </input_file>
      <input_file id="fl-102">
         <path>C:\ti\ccs1040\ccs\tools\compiler\ti-cgt-arm_20.2.5.LTS\lib\</path>
         <kind>archive</kind>
         <file>rtsv7M4_T_le_v4SPD16_eabi.lib</file>
         <name>u_divt2.asm.obj</name>
      </input_file>
      <input_file id="fl-103">
         <path>C:\ti\ccs1040\ccs\tools\compiler\ti-cgt-arm_20.2.5.LTS\lib\</path>
         <kind>archive</kind>
         <file>rtsv7M4_T_le_v4SPD16_eabi.lib</file>
         <name>ll_div_t2.asm.obj</name>
      </input_file>
      <input_file id="fl-104">
         <path>C:\ti\ccs1040\ccs\tools\compiler\ti-cgt-arm_20.2.5.LTS\lib\</path>
         <kind>archive</kind>
         <file>rtsv7M4_T_le_v4SPD16_eabi.lib</file>
         <name>autoinit.c.obj</name>
      </input_file>
      <input_file id="fl-105">
         <path>C:\ti\ccs1040\ccs\tools\compiler\ti-cgt-arm_20.2.5.LTS\lib\</path>
         <kind>archive</kind>
         <file>rtsv7M4_T_le_v4SPD16_eabi.lib</file>
         <name>pre_init.c.obj</name>
      </input_file>
      <input_file id="fl-106">
         <path>C:\ti\ccs1040\ccs\tools\compiler\ti-cgt-arm_20.2.5.LTS\lib\</path>
         <kind>archive</kind>
         <file>rtsv7M4_T_le_v4SPD16_eabi.lib</file>
         <name>cpy_tbl.c.obj</name>
      </input_file>
      <input_file id="fl-107">
         <path>C:\ti\ccs1040\ccs\tools\compiler\ti-cgt-arm_20.2.5.LTS\lib\</path>
         <kind>archive</kind>
         <file>rtsv7M4_T_le_v4SPD16_eabi.lib</file>
         <name>args_main.c.obj</name>
      </input_file>
      <input_file id="fl-108">
         <path>C:\ti\ccs1040\ccs\tools\compiler\ti-cgt-arm_20.2.5.LTS\lib\</path>
         <kind>archive</kind>
         <file>rtsv7M4_T_le_v4SPD16_eabi.lib</file>
         <name>hostclose.c.obj</name>
      </input_file>
      <input_file id="fl-109">
         <path>C:\ti\ccs1040\ccs\tools\compiler\ti-cgt-arm_20.2.5.LTS\lib\</path>
         <kind>archive</kind>
         <file>rtsv7M4_T_le_v4SPD16_eabi.lib</file>
         <name>hostlseek.c.obj</name>
      </input_file>
      <input_file id="fl-10a">
         <path>C:\ti\ccs1040\ccs\tools\compiler\ti-cgt-arm_20.2.5.LTS\lib\</path>
         <kind>archive</kind>
         <file>rtsv7M4_T_le_v4SPD16_eabi.lib</file>
         <name>hostopen.c.obj</name>
      </input_file>
      <input_file id="fl-10b">
         <path>C:\ti\ccs1040\ccs\tools\compiler\ti-cgt-arm_20.2.5.LTS\lib\</path>
         <kind>archive</kind>
         <file>rtsv7M4_T_le_v4SPD16_eabi.lib</file>
         <name>hostread.c.obj</name>
      </input_file>
      <input_file id="fl-10c">
         <path>C:\ti\ccs1040\ccs\tools\compiler\ti-cgt-arm_20.2.5.LTS\lib\</path>
         <kind>archive</kind>
         <file>rtsv7M4_T_le_v4SPD16_eabi.lib</file>
         <name>hostrename.c.obj</name>
      </input_file>
      <input_file id="fl-10d">
         <path>C:\ti\ccs1040\ccs\tools\compiler\ti-cgt-arm_20.2.5.LTS\lib\</path>
         <kind>archive</kind>
         <file>rtsv7M4_T_le_v4SPD16_eabi.lib</file>
         <name>hosttime.c.obj</name>
      </input_file>
      <input_file id="fl-10e">
         <path>C:\ti\ccs1040\ccs\tools\compiler\ti-cgt-arm_20.2.5.LTS\lib\</path>
         <kind>archive</kind>
         <file>rtsv7M4_T_le_v4SPD16_eabi.lib</file>
         <name>hostunlink.c.obj</name>
      </input_file>
      <input_file id="fl-10f">
         <path>C:\ti\ccs1040\ccs\tools\compiler\ti-cgt-arm_20.2.5.LTS\lib\</path>
         <kind>archive</kind>
         <file>rtsv7M4_T_le_v4SPD16_eabi.lib</file>
         <name>hostwrite.c.obj</name>
      </input_file>
      <input_file id="fl-110">
         <path>C:\ti\ccs1040\ccs\tools\compiler\ti-cgt-arm_20.2.5.LTS\lib\</path>
         <kind>archive</kind>
         <file>rtsv7M4_T_le_v4SPD16_eabi.lib</file>
         <name>trgmsg.c.obj</name>
      </input_file>
      <input_file id="fl-111">
         <path>C:\ti\ccs1040\ccs\tools\compiler\ti-cgt-arm_20.2.5.LTS\lib\</path>
         <kind>archive</kind>
         <file>rtsv7M4_T_le_v4SPD16_eabi.lib</file>
         <name>open.c.obj</name>
      </input_file>
      <input_file id="fl-112">
         <path>C:\ti\ccs1040\ccs\tools\compiler\ti-cgt-arm_20.2.5.LTS\lib\</path>
         <kind>archive</kind>
         <file>rtsv7M4_T_le_v4SPD16_eabi.lib</file>
         <name>lseek.c.obj</name>
      </input_file>
      <input_file id="fl-113">
         <path>C:\ti\ccs1040\ccs\tools\compiler\ti-cgt-arm_20.2.5.LTS\lib\</path>
         <kind>archive</kind>
         <file>rtsv7M4_T_le_v4SPD16_eabi.lib</file>
         <name>fclose.c.obj</name>
      </input_file>
      <input_file id="fl-114">
         <path>C:\ti\ccs1040\ccs\tools\compiler\ti-cgt-arm_20.2.5.LTS\lib\</path>
         <kind>archive</kind>
         <file>rtsv7M4_T_le_v4SPD16_eabi.lib</file>
         <name>getdevice.c.obj</name>
      </input_file>
      <input_file id="fl-115">
         <path>C:\ti\ccs1040\ccs\tools\compiler\ti-cgt-arm_20.2.5.LTS\lib\</path>
         <kind>archive</kind>
         <file>rtsv7M4_T_le_v4SPD16_eabi.lib</file>
         <name>strcmp.c.obj</name>
      </input_file>
      <input_file id="fl-116">
         <path>C:\ti\ccs1040\ccs\tools\compiler\ti-cgt-arm_20.2.5.LTS\lib\</path>
         <kind>archive</kind>
         <file>rtsv7M4_T_le_v4SPD16_eabi.lib</file>
         <name>strcpy.c.obj</name>
      </input_file>
      <input_file id="fl-117">
         <path>C:\ti\ccs1040\ccs\tools\compiler\ti-cgt-arm_20.2.5.LTS\lib\</path>
         <kind>archive</kind>
         <file>rtsv7M4_T_le_v4SPD16_eabi.lib</file>
         <name>strncpy.c.obj</name>
      </input_file>
      <input_file id="fl-118">
         <path>C:\ti\ccs1040\ccs\tools\compiler\ti-cgt-arm_20.2.5.LTS\lib\</path>
         <kind>archive</kind>
         <file>rtsv7M4_T_le_v4SPD16_eabi.lib</file>
         <name>remove.c.obj</name>
      </input_file>
      <input_file id="fl-119">
         <path>C:\ti\ccs1040\ccs\tools\compiler\ti-cgt-arm_20.2.5.LTS\lib\</path>
         <kind>archive</kind>
         <file>rtsv7M4_T_le_v4SPD16_eabi.lib</file>
         <name>close.c.obj</name>
      </input_file>
      <input_file id="fl-11a">
         <path>C:\ti\ccs1040\ccs\tools\compiler\ti-cgt-arm_20.2.5.LTS\lib\</path>
         <kind>archive</kind>
         <file>rtsv7M4_T_le_v4SPD16_eabi.lib</file>
         <name>unlink.c.obj</name>
      </input_file>
      <input_file id="fl-11b">
         <path>C:\ti\simplelink_msp432p4_sdk_3_40_01_02\source\ti\devices\msp432p4xx\driverlib\ccs\</path>
         <kind>archive</kind>
         <file>msp432p4xx_driverlib.lib</file>
         <name>cs.o</name>
      </input_file>
      <input_file id="fl-11c">
         <path>C:\ti\simplelink_msp432p4_sdk_3_40_01_02\source\ti\devices\msp432p4xx\driverlib\ccs\</path>
         <kind>archive</kind>
         <file>msp432p4xx_driverlib.lib</file>
         <name>flash.o</name>
      </input_file>
      <input_file id="fl-11d">
         <path>C:\ti\simplelink_msp432p4_sdk_3_40_01_02\source\ti\devices\msp432p4xx\driverlib\ccs\</path>
         <kind>archive</kind>
         <file>msp432p4xx_driverlib.lib</file>
         <name>i2c.o</name>
      </input_file>
      <input_file id="fl-11e">
         <path>C:\ti\simplelink_msp432p4_sdk_3_40_01_02\source\ti\devices\msp432p4xx\driverlib\ccs\</path>
         <kind>archive</kind>
         <file>msp432p4xx_driverlib.lib</file>
         <name>interrupt.o</name>
      </input_file>
      <input_file id="fl-11f">
         <path>C:\ti\simplelink_msp432p4_sdk_3_40_01_02\source\ti\devices\msp432p4xx\driverlib\ccs\</path>
         <kind>archive</kind>
         <file>msp432p4xx_driverlib.lib</file>
         <name>pcm.o</name>
      </input_file>
      <input_file id="fl-120">
         <path>C:\ti\simplelink_msp432p4_sdk_3_40_01_02\source\ti\devices\msp432p4xx\driverlib\ccs\</path>
         <kind>archive</kind>
         <file>msp432p4xx_driverlib.lib</file>
         <name>rtc_c.o</name>
      </input_file>
      <input_file id="fl-121">
         <path>C:\ti\simplelink_msp432p4_sdk_3_40_01_02\source\ti\devices\msp432p4xx\driverlib\ccs\</path>
         <kind>archive</kind>
         <file>msp432p4xx_driverlib.lib</file>
         <name>spi.o</name>
      </input_file>
      <input_file id="fl-122">
         <path>C:\ti\simplelink_msp432p4_sdk_3_40_01_02\source\ti\devices\msp432p4xx\driverlib\ccs\</path>
         <kind>archive</kind>
         <file>msp432p4xx_driverlib.lib</file>
         <name>sysctl.o</name>
      </input_file>
      <input_file id="fl-123">
         <path>C:\ti\simplelink_msp432p4_sdk_3_40_01_02\source\ti\devices\msp432p4xx\driverlib\ccs\</path>
         <kind>archive</kind>
         <file>msp432p4xx_driverlib.lib</file>
         <name>sysctl_a.o</name>
      </input_file>
      <input_file id="fl-124">
         <path>C:\ti\simplelink_msp432p4_sdk_3_40_01_02\source\ti\devices\msp432p4xx\driverlib\ccs\</path>
         <kind>archive</kind>
         <file>msp432p4xx_driverlib.lib</file>
         <name>uart.o</name>
      </input_file>
      <input_file id="fl-125">
         <path>C:\ti\simplelink_msp432p4_sdk_3_40_01_02\source\ti\devices\msp432p4xx\driverlib\ccs\</path>
         <kind>archive</kind>
         <file>msp432p4xx_driverlib.lib</file>
         <name>wdt_a.o</name>
      </input_file>
      <input_file id="fl-126">
         <path>C:\ti\simplelink_msp432p4_sdk_3_40_01_02\source\ti\devices\msp432p4xx\driverlib\ccs\</path>
         <kind>archive</kind>
         <file>msp432p4xx_driverlib.lib</file>
         <name>cpu.o</name>
      </input_file>
   </input_file_list>
   <object_component_list>
      <object_component id="oc-26">
         <name>.intvecs:retain</name>
         <load_address>0x0</load_address>
         <run_address>0x0</run_address>
         <size>0xe4</size>
         <input_file_ref idref="fl-3"/>
      </object_component>
      <object_component id="oc-125">
         <name>.text</name>
         <load_address>0xe4</load_address>
         <run_address>0xe4</run_address>
         <size>0x30b2</size>
         <input_file_ref idref="fl-c"/>
      </object_component>
      <object_component id="oc-456">
         <name>.text:_nop</name>
         <load_address>0x3196</load_address>
         <run_address>0x3196</run_address>
         <size>0x2</size>
         <input_file_ref idref="fl-eb"/>
      </object_component>
      <object_component id="oc-27f">
         <name>.text:__TI_printfi</name>
         <load_address>0x3198</load_address>
         <run_address>0x3198</run_address>
         <size>0xa4e</size>
         <input_file_ref idref="fl-d3"/>
      </object_component>
      <object_component id="oc-494">
         <name>.text</name>
         <load_address>0x3be6</load_address>
         <run_address>0x3be6</run_address>
         <size>0x2</size>
         <input_file_ref idref="fl-101"/>
      </object_component>
      <object_component id="oc-fb">
         <name>.text</name>
         <load_address>0x3be8</load_address>
         <run_address>0x3be8</run_address>
         <size>0x858</size>
         <input_file_ref idref="fl-f"/>
      </object_component>
      <object_component id="oc-137">
         <name>.text</name>
         <load_address>0x4440</load_address>
         <run_address>0x4440</run_address>
         <size>0x598</size>
         <input_file_ref idref="fl-16"/>
      </object_component>
      <object_component id="oc-131">
         <name>.text</name>
         <load_address>0x49d8</load_address>
         <run_address>0x49d8</run_address>
         <size>0x568</size>
         <input_file_ref idref="fl-13"/>
      </object_component>
      <object_component id="oc-7c">
         <name>.text</name>
         <load_address>0x4f40</load_address>
         <run_address>0x4f40</run_address>
         <size>0x454</size>
         <input_file_ref idref="fl-2"/>
      </object_component>
      <object_component id="oc-ca">
         <name>.text</name>
         <load_address>0x5394</load_address>
         <run_address>0x5394</run_address>
         <size>0x334</size>
         <input_file_ref idref="fl-4"/>
      </object_component>
      <object_component id="oc-12b">
         <name>.text</name>
         <load_address>0x56c8</load_address>
         <run_address>0x56c8</run_address>
         <size>0x2f0</size>
         <input_file_ref idref="fl-11"/>
      </object_component>
      <object_component id="oc-76">
         <name>.text</name>
         <load_address>0x59b8</load_address>
         <run_address>0x59b8</run_address>
         <size>0x2e0</size>
         <input_file_ref idref="fl-a"/>
      </object_component>
      <object_component id="oc-305">
         <name>.text</name>
         <load_address>0x5c98</load_address>
         <run_address>0x5c98</run_address>
         <size>0x2b4</size>
         <input_file_ref idref="fl-14"/>
      </object_component>
      <object_component id="oc-39f">
         <name>.text:__mktime32</name>
         <load_address>0x5f4c</load_address>
         <run_address>0x5f4c</run_address>
         <size>0x2a0</size>
         <input_file_ref idref="fl-f4"/>
      </object_component>
      <object_component id="oc-3f0">
         <name>.text:_pconv_a</name>
         <load_address>0x61ec</load_address>
         <run_address>0x61ec</run_address>
         <size>0x270</size>
         <input_file_ref idref="fl-d3"/>
      </object_component>
      <object_component id="oc-11f">
         <name>.text</name>
         <load_address>0x645c</load_address>
         <run_address>0x645c</run_address>
         <size>0x224</size>
         <input_file_ref idref="fl-5"/>
      </object_component>
      <object_component id="oc-3de">
         <name>.text:_pconv_g</name>
         <load_address>0x6680</load_address>
         <run_address>0x6680</run_address>
         <size>0x1d0</size>
         <input_file_ref idref="fl-d3"/>
      </object_component>
      <object_component id="oc-4f2">
         <name>.text</name>
         <load_address>0x6850</load_address>
         <run_address>0x6850</run_address>
         <size>0x1b6</size>
         <input_file_ref idref="fl-dc"/>
      </object_component>
      <object_component id="oc-590">
         <name>.text:__PCM_setPowerModeAdvanced</name>
         <load_address>0x6a08</load_address>
         <run_address>0x6a08</run_address>
         <size>0x15c</size>
         <input_file_ref idref="fl-11f"/>
      </object_component>
      <object_component id="oc-3ea">
         <name>.text:_pconv_e</name>
         <load_address>0x6b64</load_address>
         <run_address>0x6b64</run_address>
         <size>0x13c</size>
         <input_file_ref idref="fl-d3"/>
      </object_component>
      <object_component id="oc-4dd">
         <name>.text</name>
         <load_address>0x6ca0</load_address>
         <run_address>0x6ca0</run_address>
         <size>0x136</size>
         <input_file_ref idref="fl-de"/>
      </object_component>
      <object_component id="oc-245">
         <name>.text:__localtime32</name>
         <load_address>0x6dd8</load_address>
         <run_address>0x6dd8</run_address>
         <size>0x134</size>
         <input_file_ref idref="fl-f0"/>
      </object_component>
      <object_component id="oc-29a">
         <name>.text</name>
         <load_address>0x6f0c</load_address>
         <run_address>0x6f0c</run_address>
         <size>0x12a</size>
         <input_file_ref idref="fl-b"/>
      </object_component>
      <object_component id="oc-504">
         <name>.text:fcvt</name>
         <load_address>0x7038</load_address>
         <run_address>0x7038</run_address>
         <size>0x124</size>
         <input_file_ref idref="fl-d3"/>
      </object_component>
      <object_component id="oc-db">
         <name>.text:UART_initModule</name>
         <load_address>0x715c</load_address>
         <run_address>0x715c</run_address>
         <size>0x11c</size>
         <input_file_ref idref="fl-124"/>
      </object_component>
      <object_component id="oc-54a">
         <name>.text:fputs</name>
         <load_address>0x7278</load_address>
         <run_address>0x7278</run_address>
         <size>0x114</size>
         <input_file_ref idref="fl-d6"/>
      </object_component>
      <object_component id="oc-518">
         <name>.text:scalbn</name>
         <load_address>0x738c</load_address>
         <run_address>0x738c</run_address>
         <size>0x110</size>
         <input_file_ref idref="fl-da"/>
      </object_component>
      <object_component id="oc-3ba">
         <name>.text:__PCM_setCoreVoltageLevelAdvanced</name>
         <load_address>0x749c</load_address>
         <run_address>0x749c</run_address>
         <size>0x108</size>
         <input_file_ref idref="fl-11f"/>
      </object_component>
      <object_component id="oc-664">
         <name>.text:aligned_alloc</name>
         <load_address>0x75a4</load_address>
         <run_address>0x75a4</run_address>
         <size>0x100</size>
         <input_file_ref idref="fl-f3"/>
      </object_component>
      <object_component id="oc-70">
         <name>.text</name>
         <load_address>0x76a4</load_address>
         <run_address>0x76a4</run_address>
         <size>0xfc</size>
         <input_file_ref idref="fl-9"/>
      </object_component>
      <object_component id="oc-2e4">
         <name>.text</name>
         <load_address>0x77a0</load_address>
         <run_address>0x77a0</run_address>
         <size>0xfc</size>
         <input_file_ref idref="fl-df"/>
      </object_component>
      <object_component id="oc-82">
         <name>.text</name>
         <load_address>0x789c</load_address>
         <run_address>0x789c</run_address>
         <size>0xec</size>
         <input_file_ref idref="fl-15"/>
      </object_component>
      <object_component id="oc-622">
         <name>.text:free</name>
         <load_address>0x7988</load_address>
         <run_address>0x7988</run_address>
         <size>0xe4</size>
         <input_file_ref idref="fl-f3"/>
      </object_component>
      <object_component id="oc-605">
         <name>.text:setvbuf</name>
         <load_address>0x7a6c</load_address>
         <run_address>0x7a6c</run_address>
         <size>0xdc</size>
         <input_file_ref idref="fl-d8"/>
      </object_component>
      <object_component id="oc-107">
         <name>.text</name>
         <load_address>0x7b48</load_address>
         <run_address>0x7b48</run_address>
         <size>0xd0</size>
         <input_file_ref idref="fl-8"/>
      </object_component>
      <object_component id="oc-193">
         <name>.text</name>
         <load_address>0x7c18</load_address>
         <run_address>0x7c18</run_address>
         <size>0xc8</size>
         <input_file_ref idref="fl-10"/>
      </object_component>
      <object_component id="oc-3d3">
         <name>.text:_ltostr</name>
         <load_address>0x7ce0</load_address>
         <run_address>0x7ce0</run_address>
         <size>0xb1</size>
         <input_file_ref idref="fl-d3"/>
      </object_component>
      <object_component id="oc-26a">
         <name>.text:SPI_initMaster</name>
         <load_address>0x7d92</load_address>
         <run_address>0x7d92</run_address>
         <size>0xb0</size>
         <input_file_ref idref="fl-121"/>
      </object_component>
      <object_component id="oc-88">
         <name>.text</name>
         <load_address>0x7e44</load_address>
         <run_address>0x7e44</run_address>
         <size>0xb0</size>
         <input_file_ref idref="fl-12"/>
      </object_component>
      <object_component id="oc-3a">
         <name>.text</name>
         <load_address>0x7ef4</load_address>
         <run_address>0x7ef4</run_address>
         <size>0x9c</size>
         <input_file_ref idref="fl-e4"/>
      </object_component>
      <object_component id="oc-4d6">
         <name>.text</name>
         <load_address>0x7f90</load_address>
         <run_address>0x7f90</run_address>
         <size>0x96</size>
         <input_file_ref idref="fl-e5"/>
      </object_component>
      <object_component id="oc-181">
         <name>.text:RTC_C_getEnabledInterruptStatus</name>
         <load_address>0x8028</load_address>
         <run_address>0x8028</run_address>
         <size>0x94</size>
         <input_file_ref idref="fl-120"/>
      </object_component>
      <object_component id="oc-551">
         <name>.text:fputc</name>
         <load_address>0x80bc</load_address>
         <run_address>0x80bc</run_address>
         <size>0x8c</size>
         <input_file_ref idref="fl-d5"/>
      </object_component>
      <object_component id="oc-8e">
         <name>.text</name>
         <load_address>0x8148</load_address>
         <run_address>0x8148</run_address>
         <size>0x88</size>
         <input_file_ref idref="fl-17"/>
      </object_component>
      <object_component id="oc-3d9">
         <name>.text:__aeabi_cdcmple</name>
         <load_address>0x81d0</load_address>
         <run_address>0x81d0</run_address>
         <size>0x86</size>
         <input_file_ref idref="fl-dd"/>
      </object_component>
      <object_component id="oc-4e2">
         <name>.text:__aeabi_cdrcmple</name>
         <load_address>0x8256</load_address>
         <run_address>0x8256</run_address>
         <size>0x86</size>
         <input_file_ref idref="fl-dd"/>
      </object_component>
      <object_component id="oc-17b">
         <name>.text:RTC_C_getCalendarTime</name>
         <load_address>0x82dc</load_address>
         <run_address>0x82dc</run_address>
         <size>0x7c</size>
         <input_file_ref idref="fl-120"/>
      </object_component>
      <object_component id="oc-b2">
         <name>.text</name>
         <load_address>0x8358</load_address>
         <run_address>0x8358</run_address>
         <size>0x7a</size>
         <input_file_ref idref="fl-e6"/>
      </object_component>
      <object_component id="oc-66b">
         <name>.text:__TI_closefile</name>
         <load_address>0x83d4</load_address>
         <run_address>0x83d4</run_address>
         <size>0x74</size>
         <input_file_ref idref="fl-113"/>
      </object_component>
      <object_component id="oc-6ac">
         <name>.text:split</name>
         <load_address>0x8448</load_address>
         <run_address>0x8448</run_address>
         <size>0x70</size>
         <input_file_ref idref="fl-f3"/>
      </object_component>
      <object_component id="oc-4fd">
         <name>.text:_mcpy</name>
         <load_address>0x84b8</load_address>
         <run_address>0x84b8</run_address>
         <size>0x6e</size>
         <input_file_ref idref="fl-d3"/>
      </object_component>
      <object_component id="oc-2e9">
         <name>.text</name>
         <load_address>0x8526</load_address>
         <run_address>0x8526</run_address>
         <size>0x6e</size>
         <input_file_ref idref="fl-e1"/>
      </object_component>
      <object_component id="oc-49a">
         <name>.text</name>
         <load_address>0x8594</load_address>
         <run_address>0x8594</run_address>
         <size>0x6e</size>
         <input_file_ref idref="fl-103"/>
      </object_component>
      <object_component id="oc-69b">
         <name>.text:HOSTrename</name>
         <load_address>0x8604</load_address>
         <run_address>0x8604</run_address>
         <size>0x6c</size>
         <input_file_ref idref="fl-10c"/>
      </object_component>
      <object_component id="oc-2ce">
         <name>.text:I2C_masterSendMultiByteFinish</name>
         <load_address>0x8670</load_address>
         <run_address>0x8670</run_address>
         <size>0x6c</size>
         <input_file_ref idref="fl-11d"/>
      </object_component>
      <object_component id="oc-68f">
         <name>.text:HOSTlseek</name>
         <load_address>0x86dc</load_address>
         <run_address>0x86dc</run_address>
         <size>0x68</size>
         <input_file_ref idref="fl-109"/>
      </object_component>
      <object_component id="oc-2c8">
         <name>.text:I2C_masterSendMultiByteStart</name>
         <load_address>0x8744</load_address>
         <run_address>0x8744</run_address>
         <size>0x68</size>
         <input_file_ref idref="fl-11d"/>
      </object_component>
      <object_component id="oc-17">
         <name>.text:decompress:lzss:__TI_decompress_lzss</name>
         <load_address>0x87ac</load_address>
         <run_address>0x87ac</run_address>
         <size>0x68</size>
         <input_file_ref idref="fl-e9"/>
      </object_component>
      <object_component id="oc-2c2">
         <name>.text:printf</name>
         <load_address>0x8814</load_address>
         <run_address>0x8814</run_address>
         <size>0x68</size>
         <input_file_ref idref="fl-d2"/>
      </object_component>
      <object_component id="oc-175">
         <name>.text:RTC_C_enableInterrupt</name>
         <load_address>0x887c</load_address>
         <run_address>0x887c</run_address>
         <size>0x64</size>
         <input_file_ref idref="fl-120"/>
      </object_component>
      <object_component id="oc-e1">
         <name>.text:UART_getEnabledInterruptStatus</name>
         <load_address>0x88e0</load_address>
         <run_address>0x88e0</run_address>
         <size>0x64</size>
         <input_file_ref idref="fl-124"/>
      </object_component>
      <object_component id="oc-512">
         <name>.text:frexp</name>
         <load_address>0x8944</load_address>
         <run_address>0x8944</run_address>
         <size>0x64</size>
         <input_file_ref idref="fl-d9"/>
      </object_component>
      <object_component id="oc-5ff">
         <name>.text:fseek</name>
         <load_address>0x89a8</load_address>
         <run_address>0x89a8</run_address>
         <size>0x64</size>
         <input_file_ref idref="fl-ff"/>
      </object_component>
      <object_component id="oc-5cc">
         <name>.text:__TI_wrt_ok</name>
         <load_address>0x8a0c</load_address>
         <run_address>0x8a0c</run_address>
         <size>0x62</size>
         <input_file_ref idref="fl-d7"/>
      </object_component>
      <object_component id="oc-677">
         <name>.text:HOSTopen</name>
         <load_address>0x8a70</load_address>
         <run_address>0x8a70</run_address>
         <size>0x60</size>
         <input_file_ref idref="fl-10a"/>
      </object_component>
      <object_component id="oc-4b6">
         <name>.text:PCM_getCoreVoltageLevel</name>
         <load_address>0x8ad0</load_address>
         <run_address>0x8ad0</run_address>
         <size>0x5e</size>
         <input_file_ref idref="fl-11f"/>
      </object_component>
      <object_component id="oc-335">
         <name>.text:RTC_C_getInterruptStatus</name>
         <load_address>0x8b30</load_address>
         <run_address>0x8b30</run_address>
         <size>0x5c</size>
         <input_file_ref idref="fl-120"/>
      </object_component>
      <object_component id="oc-6b3">
         <name>.text:close</name>
         <load_address>0x8b8c</load_address>
         <run_address>0x8b8c</run_address>
         <size>0x5c</size>
         <input_file_ref idref="fl-119"/>
      </object_component>
      <object_component id="oc-4b0">
         <name>.text:PCM_getPowerMode</name>
         <load_address>0x8be8</load_address>
         <run_address>0x8be8</run_address>
         <size>0x5a</size>
         <input_file_ref idref="fl-11f"/>
      </object_component>
      <object_component id="oc-683">
         <name>.text:HOSTread</name>
         <load_address>0x8c44</load_address>
         <run_address>0x8c44</run_address>
         <size>0x58</size>
         <input_file_ref idref="fl-10b"/>
      </object_component>
      <object_component id="oc-689">
         <name>.text:HOSTwrite</name>
         <load_address>0x8c9c</load_address>
         <run_address>0x8c9c</run_address>
         <size>0x58</size>
         <input_file_ref idref="fl-10f"/>
      </object_component>
      <object_component id="oc-3e4">
         <name>.text:_pconv_f</name>
         <load_address>0x8cf4</load_address>
         <run_address>0x8cf4</run_address>
         <size>0x56</size>
         <input_file_ref idref="fl-d3"/>
      </object_component>
      <object_component id="oc-10d">
         <name>.text</name>
         <load_address>0x8d4c</load_address>
         <run_address>0x8d4c</run_address>
         <size>0x54</size>
         <input_file_ref idref="fl-7"/>
      </object_component>
      <object_component id="oc-4ec">
         <name>.text:__TI_ltoa</name>
         <load_address>0x8da0</load_address>
         <run_address>0x8da0</run_address>
         <size>0x54</size>
         <input_file_ref idref="fl-ec"/>
      </object_component>
      <object_component id="oc-4f7">
         <name>.text:_ecpy</name>
         <load_address>0x8df4</load_address>
         <run_address>0x8df4</run_address>
         <size>0x52</size>
         <input_file_ref idref="fl-d3"/>
      </object_component>
      <object_component id="oc-5d8">
         <name>.text:__TI_doflush</name>
         <load_address>0x8e46</load_address>
         <run_address>0x8e46</run_address>
         <size>0x4c</size>
         <input_file_ref idref="fl-fd"/>
      </object_component>
      <object_component id="oc-3cd">
         <name>.text:atoi</name>
         <load_address>0x8e94</load_address>
         <run_address>0x8e94</run_address>
         <size>0x4c</size>
         <input_file_ref idref="fl-ed"/>
      </object_component>
      <object_component id="oc-257">
         <name>.text:FlashCtl_setWaitState</name>
         <load_address>0x8ee0</load_address>
         <run_address>0x8ee0</run_address>
         <size>0x48</size>
         <input_file_ref idref="fl-11c"/>
      </object_component>
      <object_component id="oc-38d">
         <name>.text:HOSTtime</name>
         <load_address>0x8f28</load_address>
         <run_address>0x8f28</run_address>
         <size>0x48</size>
         <input_file_ref idref="fl-10d"/>
      </object_component>
      <object_component id="oc-1cf">
         <name>.text:exit</name>
         <load_address>0x8f70</load_address>
         <run_address>0x8f70</run_address>
         <size>0x48</size>
         <input_file_ref idref="fl-ea"/>
      </object_component>
      <object_component id="oc-4e7">
         <name>.text</name>
         <load_address>0x8fb8</load_address>
         <run_address>0x8fb8</run_address>
         <size>0x48</size>
         <input_file_ref idref="fl-e0"/>
      </object_component>
      <object_component id="oc-67d">
         <name>.text:HOSTclose</name>
         <load_address>0x9000</load_address>
         <run_address>0x9000</run_address>
         <size>0x44</size>
         <input_file_ref idref="fl-108"/>
      </object_component>
      <object_component id="oc-695">
         <name>.text:HOSTunlink</name>
         <load_address>0x9044</load_address>
         <run_address>0x9044</run_address>
         <size>0x44</size>
         <input_file_ref idref="fl-10e"/>
      </object_component>
      <object_component id="oc-1d5">
         <name>.text:__TI_auto_init_nobinit_nopinit:__TI_auto_init_nobinit_nopinit</name>
         <load_address>0x9088</load_address>
         <run_address>0x9088</run_address>
         <size>0x44</size>
         <input_file_ref idref="fl-104"/>
      </object_component>
      <object_component id="oc-6dc">
         <name>.text:getdevice</name>
         <load_address>0x90cc</load_address>
         <run_address>0x90cc</run_address>
         <size>0x44</size>
         <input_file_ref idref="fl-114"/>
      </object_component>
      <object_component id="oc-3c2">
         <name>.text:is_A_Module</name>
         <load_address>0x9110</load_address>
         <run_address>0x9110</run_address>
         <size>0x40</size>
         <input_file_ref idref="fl-121"/>
      </object_component>
      <object_component id="oc-39a">
         <name>.text</name>
         <load_address>0x9150</load_address>
         <run_address>0x9150</run_address>
         <size>0x40</size>
         <input_file_ref idref="fl-102"/>
      </object_component>
      <object_component id="oc-119">
         <name>.text:sprintf</name>
         <load_address>0x9190</load_address>
         <run_address>0x9190</run_address>
         <size>0x40</size>
         <input_file_ref idref="fl-d4"/>
      </object_component>
      <object_component id="oc-50a">
         <name>.text:_fcpy</name>
         <load_address>0x91d0</load_address>
         <run_address>0x91d0</run_address>
         <size>0x3e</size>
         <input_file_ref idref="fl-d3"/>
      </object_component>
      <object_component id="oc-478">
         <name>.text:__TI_writemsg</name>
         <load_address>0x9210</load_address>
         <run_address>0x9210</run_address>
         <size>0x38</size>
         <input_file_ref idref="fl-110"/>
      </object_component>
      <object_component id="oc-2bd">
         <name>.text</name>
         <load_address>0x9248</load_address>
         <run_address>0x9248</run_address>
         <size>0x38</size>
         <input_file_ref idref="fl-e2"/>
      </object_component>
      <object_component id="oc-6f6">
         <name>.text:strncpy</name>
         <load_address>0x9280</load_address>
         <run_address>0x9280</run_address>
         <size>0x36</size>
         <input_file_ref idref="fl-117"/>
      </object_component>
      <object_component id="oc-263">
         <name>.text:CS_setDCOCenteredFrequency</name>
         <load_address>0x92b8</load_address>
         <run_address>0x92b8</run_address>
         <size>0x34</size>
         <input_file_ref idref="fl-11b"/>
      </object_component>
      <object_component id="oc-62e">
         <name>.text:__TI_cleanup</name>
         <load_address>0x92ec</load_address>
         <run_address>0x92ec</run_address>
         <size>0x34</size>
         <input_file_ref idref="fl-fe"/>
      </object_component>
      <object_component id="oc-47e">
         <name>.text:__TI_readmsg</name>
         <load_address>0x9320</load_address>
         <run_address>0x9320</run_address>
         <size>0x34</size>
         <input_file_ref idref="fl-110"/>
      </object_component>
      <object_component id="oc-58">
         <name>.text:_c_int00_noargs:_c_int00_noargs</name>
         <load_address>0x9354</load_address>
         <run_address>0x9354</run_address>
         <size>0x34</size>
         <input_file_ref idref="fl-f9"/>
      </object_component>
      <object_component id="oc-6fc">
         <name>.text:finddevice</name>
         <load_address>0x9388</load_address>
         <run_address>0x9388</run_address>
         <size>0x30</size>
         <input_file_ref idref="fl-114"/>
      </object_component>
      <object_component id="oc-2df">
         <name>.text</name>
         <load_address>0x93b8</load_address>
         <run_address>0x93b8</run_address>
         <size>0x2e</size>
         <input_file_ref idref="fl-e3"/>
      </object_component>
      <object_component id="oc-6b9">
         <name>.text:unlink</name>
         <load_address>0x93e8</load_address>
         <run_address>0x93e8</run_address>
         <size>0x2c</size>
         <input_file_ref idref="fl-11a"/>
      </object_component>
      <object_component id="oc-65d">
         <name>.text:free_list_insert</name>
         <load_address>0x9414</load_address>
         <run_address>0x9414</run_address>
         <size>0x28</size>
         <input_file_ref idref="fl-f3"/>
      </object_component>
      <object_component id="oc-61a">
         <name>.text:lseek</name>
         <load_address>0x943c</load_address>
         <run_address>0x943c</run_address>
         <size>0x28</size>
         <input_file_ref idref="fl-112"/>
      </object_component>
      <object_component id="oc-5de">
         <name>.text:write</name>
         <load_address>0x9464</load_address>
         <run_address>0x9464</run_address>
         <size>0x28</size>
         <input_file_ref idref="fl-fa"/>
      </object_component>
      <object_component id="oc-f5">
         <name>.text:WDT_A_holdTimer</name>
         <load_address>0x948c</load_address>
         <run_address>0x948c</run_address>
         <size>0x24</size>
         <input_file_ref idref="fl-125"/>
      </object_component>
      <object_component id="oc-101">
         <name>.text</name>
         <load_address>0x94b0</load_address>
         <run_address>0x94b0</run_address>
         <size>0x22</size>
         <input_file_ref idref="fl-6"/>
      </object_component>
      <object_component id="oc-5d2">
         <name>.text:memchr</name>
         <load_address>0x94d2</load_address>
         <run_address>0x94d2</run_address>
         <size>0x20</size>
         <input_file_ref idref="fl-f2"/>
      </object_component>
      <object_component id="oc-657">
         <name>.text:free_list_remove</name>
         <load_address>0x94f4</load_address>
         <run_address>0x94f4</run_address>
         <size>0x1c</size>
         <input_file_ref idref="fl-f3"/>
      </object_component>
      <object_component id="oc-3f6">
         <name>.text:memccpy</name>
         <load_address>0x9510</load_address>
         <run_address>0x9510</run_address>
         <size>0x1c</size>
         <input_file_ref idref="fl-f1"/>
      </object_component>
      <object_component id="oc-5ae">
         <name>.text:copysign</name>
         <load_address>0x952c</load_address>
         <run_address>0x952c</run_address>
         <size>0x1a</size>
         <input_file_ref idref="fl-100"/>
      </object_component>
      <object_component id="oc-22a">
         <name>.text:UART_getInterruptStatus</name>
         <load_address>0x9546</load_address>
         <run_address>0x9546</run_address>
         <size>0x18</size>
         <input_file_ref idref="fl-124"/>
      </object_component>
      <object_component id="oc-285">
         <name>.text:_outs</name>
         <load_address>0x955e</load_address>
         <run_address>0x955e</run_address>
         <size>0x18</size>
         <input_file_ref idref="fl-d4"/>
      </object_component>
      <object_component id="oc-70f">
         <name>.text:strcmp</name>
         <load_address>0x9576</load_address>
         <run_address>0x9576</run_address>
         <size>0x18</size>
         <input_file_ref idref="fl-115"/>
      </object_component>
      <object_component id="oc-51e">
         <name>.text:strchr</name>
         <load_address>0x958e</load_address>
         <run_address>0x958e</run_address>
         <size>0x16</size>
         <input_file_ref idref="fl-f5"/>
      </object_component>
      <object_component id="oc-4bc">
         <name>.text:PCM_getPowerState</name>
         <load_address>0x95a4</load_address>
         <run_address>0x95a4</run_address>
         <size>0x14</size>
         <input_file_ref idref="fl-11f"/>
      </object_component>
      <object_component id="oc-6cf">
         <name>.text:strcpy</name>
         <load_address>0x95b8</load_address>
         <run_address>0x95b8</run_address>
         <size>0x14</size>
         <input_file_ref idref="fl-116"/>
      </object_component>
      <object_component id="oc-2ff">
         <name>.text:strlen</name>
         <load_address>0x95cc</load_address>
         <run_address>0x95cc</run_address>
         <size>0x14</size>
         <input_file_ref idref="fl-f6"/>
      </object_component>
      <object_component id="oc-3fc">
         <name>.text:wcslen</name>
         <load_address>0x95e0</load_address>
         <run_address>0x95e0</run_address>
         <size>0x12</size>
         <input_file_ref idref="fl-db"/>
      </object_component>
      <object_component id="oc-113">
         <name>.text:Interrupt_enableMaster</name>
         <load_address>0x95f2</load_address>
         <run_address>0x95f2</run_address>
         <size>0x10</size>
         <input_file_ref idref="fl-11e"/>
      </object_component>
      <object_component id="oc-25d">
         <name>.text:PCM_setCoreVoltageLevel</name>
         <load_address>0x9602</load_address>
         <run_address>0x9602</run_address>
         <size>0x10</size>
         <input_file_ref idref="fl-11f"/>
      </object_component>
      <object_component id="oc-4c2">
         <name>.text:PCM_setPowerMode</name>
         <load_address>0x9612</load_address>
         <run_address>0x9612</run_address>
         <size>0x10</size>
         <input_file_ref idref="fl-11f"/>
      </object_component>
      <object_component id="oc-23f">
         <name>.text:__time32</name>
         <load_address>0x9622</load_address>
         <run_address>0x9622</run_address>
         <size>0xe</size>
         <input_file_ref idref="fl-fc"/>
      </object_component>
      <object_component id="oc-1d">
         <name>.text:decompress:none:__TI_decompress_none</name>
         <load_address>0x9630</load_address>
         <run_address>0x9630</run_address>
         <size>0xe</size>
         <input_file_ref idref="fl-e8"/>
      </object_component>
      <object_component id="oc-6a">
         <name>.text</name>
         <load_address>0x963e</load_address>
         <run_address>0x963e</run_address>
         <size>0xe</size>
         <input_file_ref idref="fl-3"/>
      </object_component>
      <object_component id="oc-278">
         <name>.text:CPU_cpsie</name>
         <load_address>0x964c</load_address>
         <run_address>0x964c</run_address>
         <size>0xc</size>
         <input_file_ref idref="fl-126"/>
      </object_component>
      <object_component id="oc-4c">
         <name>.text:decompress:ZI:__TI_zero_init</name>
         <load_address>0x9658</load_address>
         <run_address>0x9658</run_address>
         <size>0xc</size>
         <input_file_ref idref="fl-e7"/>
      </object_component>
      <object_component id="oc-28b">
         <name>.text:_outc</name>
         <load_address>0x9664</load_address>
         <run_address>0x9664</run_address>
         <size>0xa</size>
         <input_file_ref idref="fl-d4"/>
      </object_component>
      <object_component id="oc-402">
         <name>.text:__aeabi_errno_addr</name>
         <load_address>0x9670</load_address>
         <run_address>0x9670</run_address>
         <size>0x8</size>
         <input_file_ref idref="fl-f8"/>
      </object_component>
      <object_component id="oc-628">
         <name>.text:malloc</name>
         <load_address>0x9678</load_address>
         <run_address>0x9678</run_address>
         <size>0x8</size>
         <input_file_ref idref="fl-f3"/>
      </object_component>
      <object_component id="oc-434">
         <name>.text:_outc</name>
         <load_address>0x9680</load_address>
         <run_address>0x9680</run_address>
         <size>0x4</size>
         <input_file_ref idref="fl-d2"/>
      </object_component>
      <object_component id="oc-42e">
         <name>.text:_outs</name>
         <load_address>0x9684</load_address>
         <run_address>0x9684</run_address>
         <size>0x4</size>
         <input_file_ref idref="fl-d2"/>
      </object_component>
      <object_component id="oc-b8">
         <name>.text:_system_pre_init</name>
         <load_address>0x9688</load_address>
         <run_address>0x9688</run_address>
         <size>0x4</size>
         <input_file_ref idref="fl-105"/>
      </object_component>
      <object_component id="oc-1c9">
         <name>.text:abort:abort</name>
         <load_address>0x968c</load_address>
         <run_address>0x968c</run_address>
         <size>0x4</size>
         <input_file_ref idref="fl-ea"/>
      </object_component>
      <object_component id="oc-4d1">
         <name>.const:.string:_ctypes_</name>
         <load_address>0x9690</load_address>
         <run_address>0x9690</run_address>
         <size>0x101</size>
         <input_file_ref idref="fl-ee"/>
      </object_component>
      <object_component id="oc-2dc">
         <name>.const:.string:$P$T0$1</name>
         <load_address>0x9791</load_address>
         <run_address>0x9791</run_address>
         <size>0x2</size>
         <input_file_ref idref="fl-13"/>
      </object_component>
      <object_component id="oc-49f">
         <name>.const:$O1$$</name>
         <load_address>0x9794</load_address>
         <run_address>0x9794</run_address>
         <size>0x60</size>
         <input_file_ref idref="fl-f4"/>
      </object_component>
      <object_component id="oc-2fb">
         <name>.const:$P$T0$2</name>
         <load_address>0x97f4</load_address>
         <run_address>0x97f4</run_address>
         <size>0x32</size>
         <input_file_ref idref="fl-16"/>
      </object_component>
      <object_component id="oc-13d">
         <name>.const:$P$T0$1</name>
         <load_address>0x9828</load_address>
         <run_address>0x9828</run_address>
         <size>0x1c</size>
         <input_file_ref idref="fl-2"/>
      </object_component>
      <object_component id="oc-152">
         <name>.const:i2cConfig</name>
         <load_address>0x9844</load_address>
         <run_address>0x9844</run_address>
         <size>0x14</size>
         <input_file_ref idref="fl-2"/>
      </object_component>
      <object_component id="oc-2b0">
         <name>.const:i2cConfig_lcd</name>
         <load_address>0x9858</load_address>
         <run_address>0x9858</run_address>
         <size>0x14</size>
         <input_file_ref idref="fl-11"/>
      </object_component>
      <object_component id="oc-2b3">
         <name>.const:$P$T0$1</name>
         <load_address>0x986c</load_address>
         <run_address>0x986c</run_address>
         <size>0x10</size>
         <input_file_ref idref="fl-11"/>
      </object_component>
      <object_component id="oc-2a0">
         <name>.const:.string:DbcTbl</name>
         <load_address>0x987c</load_address>
         <run_address>0x987c</run_address>
         <size>0xa</size>
         <input_file_ref idref="fl-c"/>
      </object_component>
      <object_component id="oc-74f">
         <name>.cinit..data.load</name>
         <load_address>0x9888</load_address>
         <run_address>0x9888</run_address>
         <size>0xaa</size>
      </object_component>
      <object_component id="oc-74d">
         <name>__TI_handler_table</name>
         <load_address>0x9934</load_address>
         <run_address>0x9934</run_address>
         <size>0xc</size>
      </object_component>
      <object_component id="oc-750">
         <name>.cinit..bss.load</name>
         <load_address>0x9940</load_address>
         <run_address>0x9940</run_address>
         <size>0x8</size>
      </object_component>
      <object_component id="oc-74e">
         <name>__TI_cinit_table</name>
         <load_address>0x9948</load_address>
         <run_address>0x9948</run_address>
         <size>0x10</size>
      </object_component>
      <object_component id="oc-721">
         <name>.binit</name>
         <load_address>0x0</load_address>
         <run_address>0x0</run_address>
         <size>0x0</size>
      </object_component>
      <object_component id="oc-158">
         <name>.data</name>
         <load_address>0x20000ca5</load_address>
         <run_address>0x20000ca5</run_address>
         <size>0x1</size>
         <input_file_ref idref="fl-2"/>
      </object_component>
      <object_component id="oc-143">
         <name>.data:UART0Config</name>
         <load_address>0x20000bb8</load_address>
         <run_address>0x20000bb8</run_address>
         <size>0x28</size>
         <input_file_ref idref="fl-2"/>
      </object_component>
      <object_component id="oc-140">
         <name>.data:SPI0MasterConfig</name>
         <load_address>0x20000c04</load_address>
         <run_address>0x20000c04</run_address>
         <size>0x1c</size>
         <input_file_ref idref="fl-2"/>
      </object_component>
      <object_component id="oc-146">
         <name>.data:upConfig</name>
         <load_address>0x20000c3c</load_address>
         <run_address>0x20000c3c</run_address>
         <size>0x18</size>
         <input_file_ref idref="fl-2"/>
      </object_component>
      <object_component id="oc-207">
         <name>.data</name>
         <load_address>0x20000c9c</load_address>
         <run_address>0x20000c9c</run_address>
         <size>0x4</size>
         <input_file_ref idref="fl-4"/>
      </object_component>
      <object_component id="oc-d1">
         <name>.data</name>
         <load_address>0x20000c90</load_address>
         <run_address>0x20000c90</run_address>
         <size>0x8</size>
         <input_file_ref idref="fl-9"/>
      </object_component>
      <object_component id="oc-23c">
         <name>.data</name>
         <load_address>0x20000ca0</load_address>
         <run_address>0x20000ca0</run_address>
         <size>0x2</size>
         <input_file_ref idref="fl-f"/>
      </object_component>
      <object_component id="oc-341">
         <name>.data</name>
         <load_address>0x20000ca4</load_address>
         <run_address>0x20000ca4</run_address>
         <size>0x1</size>
         <input_file_ref idref="fl-10"/>
      </object_component>
      <object_component id="oc-199">
         <name>.data</name>
         <load_address>0x20000ca2</load_address>
         <run_address>0x20000ca2</run_address>
         <size>0x2</size>
         <input_file_ref idref="fl-12"/>
      </object_component>
      <object_component id="oc-2fe">
         <name>.data:old_time$1</name>
         <load_address>0x20000c20</load_address>
         <run_address>0x20000c20</run_address>
         <size>0x1c</size>
         <input_file_ref idref="fl-16"/>
      </object_component>
      <object_component id="oc-1a2">
         <name>.data</name>
         <load_address>0x20000ca6</load_address>
         <run_address>0x20000ca6</run_address>
         <size>0x1</size>
         <input_file_ref idref="fl-17"/>
      </object_component>
      <object_component id="oc-34b">
         <name>.data:$O1$$</name>
         <load_address>0x20000c74</load_address>
         <run_address>0x20000c74</run_address>
         <size>0xc</size>
         <input_file_ref idref="fl-ea"/>
      </object_component>
      <object_component id="oc-34e">
         <name>.data:$O1$$</name>
         <load_address>0x20000c80</load_address>
         <run_address>0x20000c80</run_address>
         <size>0x8</size>
         <input_file_ref idref="fl-eb"/>
      </object_component>
      <object_component id="oc-42b">
         <name>.data:_ftable</name>
         <load_address>0x20000a00</load_address>
         <run_address>0x20000a00</run_address>
         <size>0xf0</size>
         <input_file_ref idref="fl-ef"/>
      </object_component>
      <object_component id="oc-671">
         <name>.data</name>
         <load_address>0x20000c64</load_address>
         <run_address>0x20000c64</run_address>
         <size>0x10</size>
         <input_file_ref idref="fl-ef"/>
      </object_component>
      <object_component id="oc-3a8">
         <name>.data:local_tm</name>
         <load_address>0x20000be0</load_address>
         <run_address>0x20000be0</run_address>
         <size>0x24</size>
         <input_file_ref idref="fl-f0"/>
      </object_component>
      <object_component id="oc-6a7">
         <name>.data:$O1$$</name>
         <load_address>0x20000c88</load_address>
         <run_address>0x20000c88</run_address>
         <size>0x8</size>
         <input_file_ref idref="fl-f3"/>
      </object_component>
      <object_component id="oc-3a5">
         <name>.data:_tz</name>
         <load_address>0x20000c54</load_address>
         <run_address>0x20000c54</run_address>
         <size>0x10</size>
         <input_file_ref idref="fl-f7"/>
      </object_component>
      <object_component id="oc-52e">
         <name>.data</name>
         <load_address>0x20000c98</load_address>
         <run_address>0x20000c98</run_address>
         <size>0x4</size>
         <input_file_ref idref="fl-f8"/>
      </object_component>
      <object_component id="oc-641">
         <name>.data:_device</name>
         <load_address>0x20000af0</load_address>
         <run_address>0x20000af0</run_address>
         <size>0x78</size>
         <input_file_ref idref="fl-fb"/>
      </object_component>
      <object_component id="oc-611">
         <name>.data:_stream</name>
         <load_address>0x20000b68</load_address>
         <run_address>0x20000b68</run_address>
         <size>0x50</size>
         <input_file_ref idref="fl-fb"/>
      </object_component>
      <object_component id="oc-14e">
         <name>.bss</name>
         <uninitialized>true</uninitialized>
         <run_address>0x2000058d</run_address>
         <size>0x1</size>
         <input_file_ref idref="fl-2"/>
      </object_component>
      <object_component id="oc-2a3">
         <name>.bss:FatFs</name>
         <uninitialized>true</uninitialized>
         <run_address>0x200005a8</run_address>
         <size>0x4</size>
         <input_file_ref idref="fl-c"/>
      </object_component>
      <object_component id="oc-2a6">
         <name>.bss</name>
         <uninitialized>true</uninitialized>
         <run_address>0x200005a6</run_address>
         <size>0x2</size>
         <input_file_ref idref="fl-c"/>
      </object_component>
      <object_component id="oc-239">
         <name>.bss</name>
         <uninitialized>true</uninitialized>
         <run_address>0x2000057c</run_address>
         <size>0x9</size>
         <input_file_ref idref="fl-f"/>
      </object_component>
      <object_component id="oc-2d7">
         <name>.bss:gAccelero_t</name>
         <uninitialized>true</uninitialized>
         <run_address>0x20000568</run_address>
         <size>0x14</size>
         <input_file_ref idref="fl-13"/>
      </object_component>
      <object_component id="oc-187">
         <name>.bss:current_time</name>
         <uninitialized>true</uninitialized>
         <run_address>0x2000054c</run_address>
         <size>0x1c</size>
         <input_file_ref idref="fl-15"/>
      </object_component>
      <object_component id="oc-18a">
         <name>.bss</name>
         <uninitialized>true</uninitialized>
         <run_address>0x200005f2</run_address>
         <size>0x1</size>
         <input_file_ref idref="fl-15"/>
      </object_component>
      <object_component id="oc-579">
         <name>.bss:_CIOBUF_</name>
         <uninitialized>true</uninitialized>
         <run_address>0x20000234</run_address>
         <size>0x120</size>
         <input_file_ref idref="fl-110"/>
      </object_component>
      <object_component id="oc-151">
         <name>.common:RXData</name>
         <uninitialized>true</uninitialized>
         <run_address>0x20000585</run_address>
         <size>0x8</size>
      </object_component>
      <object_component id="oc-149">
         <name>.common:FS</name>
         <uninitialized>true</uninitialized>
         <run_address>0x20000000</run_address>
         <size>0x234</size>
      </object_component>
      <object_component id="oc-14c">
         <name>.common:DI</name>
         <uninitialized>true</uninitialized>
         <run_address>0x200004f4</run_address>
         <size>0x2c</size>
      </object_component>
      <object_component id="oc-14d">
         <name>.common:FI</name>
         <uninitialized>true</uninitialized>
         <run_address>0x20000520</run_address>
         <size>0x2c</size>
      </object_component>
      <object_component id="oc-eb">
         <name>.common:UARTA0Data</name>
         <uninitialized>true</uninitialized>
         <run_address>0x200003f4</run_address>
         <size>0x80</size>
      </object_component>
      <object_component id="oc-e7">
         <name>.common:UARTA0ReadIndex</name>
         <uninitialized>true</uninitialized>
         <run_address>0x200005ac</run_address>
         <size>0x4</size>
      </object_component>
      <object_component id="oc-ea">
         <name>.common:UARTA0WriteIndex</name>
         <uninitialized>true</uninitialized>
         <run_address>0x200005b0</run_address>
         <size>0x4</size>
      </object_component>
      <object_component id="oc-ee">
         <name>.common:UARTA2Data</name>
         <uninitialized>true</uninitialized>
         <run_address>0x20000474</run_address>
         <size>0x80</size>
      </object_component>
      <object_component id="oc-ec">
         <name>.common:UARTA2ReadIndex</name>
         <uninitialized>true</uninitialized>
         <run_address>0x200005b4</run_address>
         <size>0x4</size>
      </object_component>
      <object_component id="oc-ed">
         <name>.common:UARTA2WriteIndex</name>
         <uninitialized>true</uninitialized>
         <run_address>0x200005b8</run_address>
         <size>0x4</size>
      </object_component>
      <object_component id="oc-2b6">
         <name>.common:backlight_val</name>
         <uninitialized>true</uninitialized>
         <run_address>0x200005f4</run_address>
         <size>0x1</size>
      </object_component>
      <object_component id="oc-2b9">
         <name>.common:display_func</name>
         <uninitialized>true</uninitialized>
         <run_address>0x200005f6</run_address>
         <size>0x1</size>
      </object_component>
      <object_component id="oc-2bb">
         <name>.common:display_mode</name>
         <uninitialized>true</uninitialized>
         <run_address>0x200005f7</run_address>
         <size>0x1</size>
      </object_component>
      <object_component id="oc-2ba">
         <name>.common:display_control</name>
         <uninitialized>true</uninitialized>
         <run_address>0x200005f5</run_address>
         <size>0x1</size>
      </object_component>
      <object_component id="oc-2f1">
         <name>.common:gyro_x</name>
         <uninitialized>true</uninitialized>
         <run_address>0x200005d8</run_address>
         <size>0x4</size>
      </object_component>
      <object_component id="oc-2f2">
         <name>.common:gyro_y</name>
         <uninitialized>true</uninitialized>
         <run_address>0x200005e0</run_address>
         <size>0x4</size>
      </object_component>
      <object_component id="oc-2f3">
         <name>.common:gyro_z</name>
         <uninitialized>true</uninitialized>
         <run_address>0x200005e8</run_address>
         <size>0x4</size>
      </object_component>
      <object_component id="oc-2f4">
         <name>.common:acc_x</name>
         <uninitialized>true</uninitialized>
         <run_address>0x200005bc</run_address>
         <size>0x4</size>
      </object_component>
      <object_component id="oc-2f5">
         <name>.common:acc_y</name>
         <uninitialized>true</uninitialized>
         <run_address>0x200005c0</run_address>
         <size>0x4</size>
      </object_component>
      <object_component id="oc-2f6">
         <name>.common:acc_z</name>
         <uninitialized>true</uninitialized>
         <run_address>0x200005c4</run_address>
         <size>0x4</size>
      </object_component>
      <object_component id="oc-2ee">
         <name>.common:gyro_x_cal</name>
         <uninitialized>true</uninitialized>
         <run_address>0x200005dc</run_address>
         <size>0x4</size>
      </object_component>
      <object_component id="oc-2ef">
         <name>.common:gyro_y_cal</name>
         <uninitialized>true</uninitialized>
         <run_address>0x200005e4</run_address>
         <size>0x4</size>
      </object_component>
      <object_component id="oc-2f0">
         <name>.common:gyro_z_cal</name>
         <uninitialized>true</uninitialized>
         <run_address>0x200005ec</run_address>
         <size>0x4</size>
      </object_component>
      <object_component id="oc-2f7">
         <name>.common:angle_pitch</name>
         <uninitialized>true</uninitialized>
         <run_address>0x200005c8</run_address>
         <size>0x4</size>
      </object_component>
      <object_component id="oc-2f8">
         <name>.common:angle_roll</name>
         <uninitialized>true</uninitialized>
         <run_address>0x200005d0</run_address>
         <size>0x4</size>
      </object_component>
      <object_component id="oc-2f9">
         <name>.common:angle_yaw</name>
         <uninitialized>true</uninitialized>
         <run_address>0x200005d4</run_address>
         <size>0x4</size>
      </object_component>
      <object_component id="oc-2db">
         <name>.common:angle_pitch_output</name>
         <uninitialized>true</uninitialized>
         <run_address>0x200005cc</run_address>
         <size>0x4</size>
      </object_component>
      <object_component id="oc-2da">
         <name>.common:angle_pitch_int</name>
         <uninitialized>true</uninitialized>
         <run_address>0x200005f3</run_address>
         <size>0x1</size>
      </object_component>
      <object_component id="oc-2d4">
         <name>.common:accelerometer</name>
         <uninitialized>true</uninitialized>
         <run_address>0x2000058e</run_address>
         <size>0x8</size>
      </object_component>
      <object_component id="oc-2d5">
         <name>.common:gyro</name>
         <uninitialized>true</uninitialized>
         <run_address>0x20000596</run_address>
         <size>0x8</size>
      </object_component>
      <object_component id="oc-2d6">
         <name>.common:temp</name>
         <uninitialized>true</uninitialized>
         <run_address>0x200005f0</run_address>
         <size>0x2</size>
      </object_component>
      <object_component id="oc-155">
         <name>.common:read_idx</name>
         <uninitialized>true</uninitialized>
         <run_address>0x200005f8</run_address>
         <size>0x1</size>
      </object_component>
      <object_component id="oc-6bf">
         <name>.common:__TI_tmpnams</name>
         <uninitialized>true</uninitialized>
         <run_address>0x20000354</run_address>
         <size>0xa0</size>
      </object_component>
      <object_component id="oc-484">
         <name>.common:parmbuf</name>
         <uninitialized>true</uninitialized>
         <run_address>0x2000059e</run_address>
         <size>0x8</size>
      </object_component>
      <object_component id="oc-29">
         <name>.sysmem</name>
         <uninitialized>true</uninitialized>
         <run_address>0x20000600</run_address>
         <size>0x10</size>
         <input_file_ref idref="fl-f3"/>
      </object_component>
      <object_component id="oc-753">
         <name>.sysmem</name>
         <uninitialized>true</uninitialized>
         <run_address>0x20000600</run_address>
         <size>0x0</size>
      </object_component>
      <object_component id="oc-2c">
         <name>.stack</name>
         <uninitialized>true</uninitialized>
         <run_address>0x2000fe00</run_address>
         <size>0x4</size>
         <input_file_ref idref="fl-f9"/>
      </object_component>
      <object_component id="oc-752">
         <name>.stack</name>
         <uninitialized>true</uninitialized>
         <run_address>0x2000fe00</run_address>
         <size>0x0</size>
      </object_component>
      <object_component id="oc-14a">
         <name>.debug_info</name>
         <load_address>0x0</load_address>
         <run_address>0x0</run_address>
         <size>0xb33</size>
         <input_file_ref idref="fl-2"/>
      </object_component>
      <object_component id="oc-14f">
         <name>.debug_info</name>
         <load_address>0xb33</load_address>
         <run_address>0xb33</run_address>
         <size>0xec</size>
         <input_file_ref idref="fl-2"/>
      </object_component>
      <object_component id="oc-159">
         <name>.debug_info</name>
         <load_address>0xc1f</load_address>
         <run_address>0xc1f</run_address>
         <size>0xef</size>
         <input_file_ref idref="fl-2"/>
      </object_component>
      <object_component id="oc-153">
         <name>.debug_info</name>
[...]
         <name>_lock</name>
         <value>0x20000c80</value>
         <object_component_ref idref="oc-34e"/>
      </symbol>
      <symbol id="sm-b39">
         <name>_unlock</name>
         <value>0x20000c84</value>
         <object_component_ref idref="oc-34e"/>
      </symbol>
      <symbol id="sm-b48">
         <name>__TI_ltoa</name>
         <value>0x8da1</value>
         <object_component_ref idref="oc-4ec"/>
      </symbol>
      <symbol id="sm-b5e">
         <name>atoi</name>
         <value>0x8e95</value>
         <object_component_ref idref="oc-3cd"/>
      </symbol>
      <symbol id="sm-b69">
         <name>_ctypes_</name>
         <value>0x9690</value>
         <object_component_ref idref="oc-4d1"/>
      </symbol>
      <symbol id="sm-b7e">
         <name>__TI_tmpnams</name>
         <value>0x20000354</value>
      </symbol>
      <symbol id="sm-b7f">
         <name>__aeabi_stdout</name>
         <value>0x20000c6c</value>
         <object_component_ref idref="oc-671"/>
      </symbol>
      <symbol id="sm-b80">
         <name>__aeabi_stderr</name>
         <value>0x20000c70</value>
         <object_component_ref idref="oc-671"/>
      </symbol>
      <symbol id="sm-b81">
         <name>__aeabi_stdin</name>
         <value>0x20000c68</value>
         <object_component_ref idref="oc-671"/>
      </symbol>
      <symbol id="sm-b82">
         <name>_ftable</name>
         <value>0x20000a00</value>
         <object_component_ref idref="oc-42b"/>
      </symbol>
      <symbol id="sm-b83">
         <name>__TI_ft_end</name>
         <value>0x20000c64</value>
         <object_component_ref idref="oc-671"/>
      </symbol>
      <symbol id="sm-bb0">
         <name>__localtime32</name>
         <value>0x6dd9</value>
         <object_component_ref idref="oc-245"/>
      </symbol>
      <symbol id="sm-bb1">
         <name>localtime</name>
         <value>0x6dd9</value>
         <object_component_ref idref="oc-245"/>
      </symbol>
      <symbol id="sm-bc1">
         <name>memccpy</name>
         <value>0x9511</value>
         <object_component_ref idref="oc-3f6"/>
      </symbol>
      <symbol id="sm-bd1">
         <name>memchr</name>
         <value>0x94d3</value>
         <object_component_ref idref="oc-5d2"/>
      </symbol>
      <symbol id="sm-c5a">
         <name>_sys_memory</name>
         <value>0x20000600</value>
         <object_component_ref idref="oc-29"/>
      </symbol>
      <symbol id="sm-c5b">
         <name>free</name>
         <value>0x7989</value>
         <object_component_ref idref="oc-622"/>
      </symbol>
      <symbol id="sm-c5c">
         <name>memalign</name>
         <value>0x75a5</value>
         <object_component_ref idref="oc-664"/>
      </symbol>
      <symbol id="sm-c5d">
         <name>malloc</name>
         <value>0x9679</value>
         <object_component_ref idref="oc-628"/>
      </symbol>
      <symbol id="sm-c5e">
         <name>aligned_alloc</name>
         <value>0x75a5</value>
         <object_component_ref idref="oc-664"/>
      </symbol>
      <symbol id="sm-c90">
         <name>mktime</name>
         <value>0x5f4d</value>
         <object_component_ref idref="oc-39f"/>
      </symbol>
      <symbol id="sm-c91">
         <name>__mktime32</name>
         <value>0x5f4d</value>
         <object_component_ref idref="oc-39f"/>
      </symbol>
      <symbol id="sm-ca1">
         <name>strchr</name>
         <value>0x958f</value>
         <object_component_ref idref="oc-51e"/>
      </symbol>
      <symbol id="sm-caf">
         <name>strlen</name>
         <value>0x95cd</value>
         <object_component_ref idref="oc-2ff"/>
      </symbol>
      <symbol id="sm-cbf">
         <name>_tz</name>
         <value>0x20000c54</value>
         <object_component_ref idref="oc-3a5"/>
      </symbol>
      <symbol id="sm-cd5">
         <name>__aeabi_errno_addr</name>
         <value>0x9671</value>
         <object_component_ref idref="oc-402"/>
      </symbol>
      <symbol id="sm-cd6">
         <name>errno</name>
         <value>0x20000c98</value>
         <object_component_ref idref="oc-52e"/>
      </symbol>
      <symbol id="sm-ce9">
         <name>__stack</name>
         <value>0x2000fe00</value>
         <object_component_ref idref="oc-2c"/>
      </symbol>
      <symbol id="sm-cea">
         <name>_c_int00_noargs</name>
         <value>0x9355</value>
         <object_component_ref idref="oc-58"/>
      </symbol>
      <symbol id="sm-d04">
         <name>write</name>
         <value>0x9465</value>
         <object_component_ref idref="oc-5de"/>
      </symbol>
      <symbol id="sm-d15">
         <name>_stream</name>
         <value>0x20000b68</value>
         <object_component_ref idref="oc-611"/>
      </symbol>
      <symbol id="sm-d16">
         <name>_device</name>
         <value>0x20000af0</value>
         <object_component_ref idref="oc-641"/>
      </symbol>
      <symbol id="sm-d29">
         <name>__time32</name>
         <value>0x9623</value>
         <object_component_ref idref="oc-23f"/>
      </symbol>
      <symbol id="sm-d2a">
         <name>time</name>
         <value>0x9623</value>
         <object_component_ref idref="oc-23f"/>
      </symbol>
      <symbol id="sm-d3a">
         <name>__TI_doflush</name>
         <value>0x8e47</value>
         <object_component_ref idref="oc-5d8"/>
      </symbol>
      <symbol id="sm-d4a">
         <name>__TI_cleanup</name>
         <value>0x92ed</value>
         <object_component_ref idref="oc-62e"/>
      </symbol>
      <symbol id="sm-d5c">
         <name>fseek</name>
         <value>0x89a9</value>
         <object_component_ref idref="oc-5ff"/>
      </symbol>
      <symbol id="sm-d66">
         <name>copysign</name>
         <value>0x952d</value>
         <object_component_ref idref="oc-5ae"/>
      </symbol>
      <symbol id="sm-d67">
         <name>copysignl</name>
         <value>0x952d</value>
         <object_component_ref idref="oc-5ae"/>
      </symbol>
      <symbol id="sm-d71">
         <name>__aeabi_idiv0</name>
         <value>0x3be7</value>
         <object_component_ref idref="oc-494"/>
      </symbol>
      <symbol id="sm-d72">
         <name>__aeabi_ldiv0</name>
         <value>0x3be7</value>
         <object_component_ref idref="oc-494"/>
      </symbol>
      <symbol id="sm-d81">
         <name>__aeabi_uidivmod</name>
         <value>0x9151</value>
         <object_component_ref idref="oc-39a"/>
      </symbol>
      <symbol id="sm-d82">
         <name>__aeabi_uidiv</name>
         <value>0x9151</value>
         <object_component_ref idref="oc-39a"/>
      </symbol>
      <symbol id="sm-d90">
         <name>__aeabi_ldivmod</name>
         <value>0x8595</value>
         <object_component_ref idref="oc-49a"/>
      </symbol>
      <symbol id="sm-db8">
         <name>__TI_auto_init_nobinit_nopinit</name>
         <value>0x9089</value>
         <object_component_ref idref="oc-1d5"/>
      </symbol>
      <symbol id="sm-dc2">
         <name>_system_pre_init</name>
         <value>0x9689</value>
         <object_component_ref idref="oc-b8"/>
      </symbol>
      <symbol id="sm-dd5">
         <name>HOSTclose</name>
         <value>0x9001</value>
         <object_component_ref idref="oc-67d"/>
      </symbol>
      <symbol id="sm-de6">
         <name>HOSTlseek</name>
         <value>0x86dd</value>
         <object_component_ref idref="oc-68f"/>
      </symbol>
      <symbol id="sm-df8">
         <name>parmbuf</name>
         <value>0x2000059e</value>
      </symbol>
      <symbol id="sm-df9">
         <name>HOSTopen</name>
         <value>0x8a71</value>
         <object_component_ref idref="oc-677"/>
      </symbol>
      <symbol id="sm-e0a">
         <name>HOSTread</name>
         <value>0x8c45</value>
         <object_component_ref idref="oc-683"/>
      </symbol>
      <symbol id="sm-e1b">
         <name>HOSTrename</name>
         <value>0x8605</value>
         <object_component_ref idref="oc-69b"/>
      </symbol>
      <symbol id="sm-e33">
         <name>HOSTtime</name>
         <value>0x8f29</value>
         <object_component_ref idref="oc-38d"/>
      </symbol>
      <symbol id="sm-e44">
         <name>HOSTunlink</name>
         <value>0x9045</value>
         <object_component_ref idref="oc-695"/>
      </symbol>
      <symbol id="sm-e55">
         <name>HOSTwrite</name>
         <value>0x8c9d</value>
         <object_component_ref idref="oc-689"/>
      </symbol>
      <symbol id="sm-e79">
         <name>__TI_readmsg</name>
         <value>0x9321</value>
         <object_component_ref idref="oc-47e"/>
      </symbol>
      <symbol id="sm-e7a">
         <name>C$$IO$$</name>
         <value>0x923f</value>
         <object_component_ref idref="oc-478"/>
      </symbol>
      <symbol id="sm-e7b">
         <name>__CIOBUF_</name>
         <value>0x20000234</value>
         <object_component_ref idref="oc-579"/>
      </symbol>
      <symbol id="sm-e7c">
         <name>__TI_writemsg</name>
         <value>0x9211</value>
         <object_component_ref idref="oc-478"/>
      </symbol>
      <symbol id="sm-e8d">
         <name>lseek</name>
         <value>0x943d</value>
         <object_component_ref idref="oc-61a"/>
      </symbol>
      <symbol id="sm-ea2">
         <name>__TI_closefile</name>
         <value>0x83d5</value>
         <object_component_ref idref="oc-66b"/>
      </symbol>
      <symbol id="sm-ec5">
         <name>finddevice</name>
         <value>0x9389</value>
         <object_component_ref idref="oc-6fc"/>
      </symbol>
      <symbol id="sm-ec6">
         <name>getdevice</name>
         <value>0x90cd</value>
         <object_component_ref idref="oc-6dc"/>
      </symbol>
      <symbol id="sm-ed5">
         <name>strcmp</name>
         <value>0x9577</value>
         <object_component_ref idref="oc-70f"/>
      </symbol>
      <symbol id="sm-ee3">
         <name>strcpy</name>
         <value>0x95b9</value>
         <object_component_ref idref="oc-6cf"/>
      </symbol>
      <symbol id="sm-ef3">
         <name>strncpy</name>
         <value>0x9281</value>
         <object_component_ref idref="oc-6f6"/>
      </symbol>
      <symbol id="sm-f08">
         <name>close</name>
         <value>0x8b8d</value>
         <object_component_ref idref="oc-6b3"/>
      </symbol>
      <symbol id="sm-f18">
         <name>unlink</name>
         <value>0x93e9</value>
         <object_component_ref idref="oc-6b9"/>
      </symbol>
      <symbol id="sm-f4c">
         <name>CS_setDCOCenteredFrequency</name>
         <value>0x92b9</value>
         <object_component_ref idref="oc-263"/>
      </symbol>
      <symbol id="sm-f5b">
         <name>FlashCtl_setWaitState</name>
         <value>0x8ee1</value>
         <object_component_ref idref="oc-257"/>
      </symbol>
      <symbol id="sm-f7d">
         <name>I2C_masterSendMultiByteFinish</name>
         <value>0x8671</value>
         <object_component_ref idref="oc-2ce"/>
      </symbol>
      <symbol id="sm-f7e">
         <name>I2C_masterSendMultiByteStart</name>
         <value>0x8745</value>
         <object_component_ref idref="oc-2c8"/>
      </symbol>
      <symbol id="sm-f89">
         <name>Interrupt_enableMaster</name>
         <value>0x95f3</value>
         <object_component_ref idref="oc-113"/>
      </symbol>
      <symbol id="sm-100c">
         <name>PCM_setCoreVoltageLevel</name>
         <value>0x9603</value>
         <object_component_ref idref="oc-25d"/>
      </symbol>
      <symbol id="sm-100d">
         <name>PCM_getCoreVoltageLevel</name>
         <value>0x8ad1</value>
         <object_component_ref idref="oc-4b6"/>
      </symbol>
      <symbol id="sm-100e">
         <name>PCM_getPowerMode</name>
         <value>0x8be9</value>
         <object_component_ref idref="oc-4b0"/>
      </symbol>
      <symbol id="sm-100f">
         <name>PCM_getPowerState</name>
         <value>0x95a5</value>
         <object_component_ref idref="oc-4bc"/>
      </symbol>
      <symbol id="sm-1010">
         <name>PCM_setPowerMode</name>
         <value>0x9613</value>
         <object_component_ref idref="oc-4c2"/>
      </symbol>
      <symbol id="sm-1054">
         <name>RTC_C_getCalendarTime</name>
         <value>0x82dd</value>
         <object_component_ref idref="oc-17b"/>
      </symbol>
      <symbol id="sm-1055">
         <name>RTC_C_getInterruptStatus</name>
         <value>0x8b31</value>
         <object_component_ref idref="oc-335"/>
      </symbol>
      <symbol id="sm-1056">
         <name>RTC_C_getEnabledInterruptStatus</name>
         <value>0x8029</value>
         <object_component_ref idref="oc-181"/>
      </symbol>
      <symbol id="sm-1057">
         <name>RTC_C_enableInterrupt</name>
         <value>0x887d</value>
         <object_component_ref idref="oc-175"/>
      </symbol>
      <symbol id="sm-107c">
         <name>SPI_initMaster</name>
         <value>0x7d93</value>
         <object_component_ref idref="oc-26a"/>
      </symbol>
      <symbol id="sm-10b6">
         <name>UART_getEnabledInterruptStatus</name>
         <value>0x88e1</value>
         <object_component_ref idref="oc-e1"/>
      </symbol>
      <symbol id="sm-10b7">
         <name>UART_getInterruptStatus</name>
         <value>0x9547</value>
         <object_component_ref idref="oc-22a"/>
      </symbol>
      <symbol id="sm-10b8">
         <name>UART_initModule</name>
         <value>0x715d</value>
         <object_component_ref idref="oc-db"/>
      </symbol>
      <symbol id="sm-10c4">
         <name>WDT_A_holdTimer</name>
         <value>0x948d</value>
         <object_component_ref idref="oc-f5"/>
      </symbol>
      <symbol id="sm-10ce">
         <name>CPU_cpsie</name>
         <value>0x964d</value>
         <object_component_ref idref="oc-278"/>
      </symbol>
      <symbol id="sm-10cf">
         <name>__TI_static_base__</name>
         <value>0x0</value>
      </symbol>
      <symbol id="sm-10d2">
         <name>__mpu_init</name>
         <value>0x0</value>
      </symbol>
      <symbol id="sm-10d3">
         <name>_system_post_cinit</name>
         <value>0x0</value>
      </symbol>
      <symbol id="sm-10d4">
         <name>NMI_Handler</name>
         <value>0x964b</value>
      </symbol>
      <symbol id="sm-10d5">
         <name>HardFault_Handler</name>
         <value>0x964b</value>
      </symbol>
      <symbol id="sm-10d6">
         <name>MemManage_Handler</name>
         <value>0x964b</value>
      </symbol>
      <symbol id="sm-10d7">
         <name>BusFault_Handler</name>
         <value>0x964b</value>
      </symbol>
      <symbol id="sm-10d8">
         <name>UsageFault_Handler</name>
         <value>0x964b</value>
      </symbol>
      <symbol id="sm-10d9">
         <name>SVC_Handler</name>
         <value>0x964b</value>
      </symbol>
      <symbol id="sm-10da">
         <name>DebugMon_Handler</name>
         <value>0x964b</value>
      </symbol>
      <symbol id="sm-10db">
         <name>PendSV_Handler</name>
         <value>0x964b</value>
      </symbol>
      <symbol id="sm-10dc">
         <name>SysTick_Handler</name>
         <value>0x964b</value>
      </symbol>
      <symbol id="sm-10dd">
         <name>PSS_IRQHandler</name>
         <value>0x964b</value>
      </symbol>
      <symbol id="sm-10de">
         <name>CS_IRQHandler</name>
         <value>0x964b</value>
      </symbol>
      <symbol id="sm-10df">
         <name>PCM_IRQHandler</name>
         <value>0x964b</value>
      </symbol>
      <symbol id="sm-10e0">
         <name>WDT_A_IRQHandler</name>
         <value>0x964b</value>
      </symbol>
      <symbol id="sm-10e1">
         <name>FPU_IRQHandler</name>
         <value>0x964b</value>
      </symbol>
      <symbol id="sm-10e2">
         <name>FLCTL_IRQHandler</name>
         <value>0x964b</value>
      </symbol>
      <symbol id="sm-10e3">
         <name>COMP_E0_IRQHandler</name>
         <value>0x964b</value>
      </symbol>
      <symbol id="sm-10e4">
         <name>COMP_E1_IRQHandler</name>
         <value>0x964b</value>
      </symbol>
      <symbol id="sm-10e5">
         <name>TA0_0_IRQHandler</name>
         <value>0x775f</value>
      </symbol>
      <symbol id="sm-10e6">
         <name>TA0_N_IRQHandler</name>
         <value>0x964b</value>
      </symbol>
      <symbol id="sm-10e7">
         <name>TA1_0_IRQHandler</name>
         <value>0x776f</value>
      </symbol>
      <symbol id="sm-10e8">
         <name>TA1_N_IRQHandler</name>
         <value>0x964b</value>
      </symbol>
      <symbol id="sm-10e9">
         <name>TA2_0_IRQHandler</name>
         <value>0x964b</value>
      </symbol>
      <symbol id="sm-10ea">
         <name>TA2_N_IRQHandler</name>
         <value>0x964b</value>
      </symbol>
      <symbol id="sm-10eb">
         <name>TA3_0_IRQHandler</name>
         <value>0x964b</value>
      </symbol>
      <symbol id="sm-10ec">
         <name>TA3_N_IRQHandler</name>
         <value>0x964b</value>
      </symbol>
      <symbol id="sm-10ed">
         <name>EUSCIA0_IRQHandler</name>
         <value>0x5b95</value>
      </symbol>
      <symbol id="sm-10ee">
         <name>EUSCIA1_IRQHandler</name>
         <value>0x964b</value>
      </symbol>
      <symbol id="sm-10ef">
         <name>EUSCIA2_IRQHandler</name>
         <value>0x5c09</value>
      </symbol>
      <symbol id="sm-10f0">
         <name>EUSCIA3_IRQHandler</name>
         <value>0x964b</value>
      </symbol>
      <symbol id="sm-10f1">
         <name>EUSCIB0_IRQHandler</name>
         <value>0x964b</value>
      </symbol>
      <symbol id="sm-10f2">
         <name>EUSCIB1_IRQHandler</name>
         <value>0x51d9</value>
      </symbol>
      <symbol id="sm-10f3">
         <name>EUSCIB2_IRQHandler</name>
         <value>0x964b</value>
      </symbol>
      <symbol id="sm-10f4">
         <name>EUSCIB3_IRQHandler</name>
         <value>0x964b</value>
      </symbol>
      <symbol id="sm-10f5">
         <name>ADC14_IRQHandler</name>
         <value>0x964b</value>
      </symbol>
      <symbol id="sm-10f6">
         <name>T32_INT1_IRQHandler</name>
         <value>0x964b</value>
      </symbol>
      <symbol id="sm-10f7">
         <name>T32_INT2_IRQHandler</name>
         <value>0x964b</value>
      </symbol>
      <symbol id="sm-10f8">
         <name>T32_INTC_IRQHandler</name>
         <value>0x964b</value>
      </symbol>
      <symbol id="sm-10f9">
         <name>AES256_IRQHandler</name>
         <value>0x964b</value>
      </symbol>
      <symbol id="sm-10fa">
         <name>RTC_C_IRQHandler</name>
         <value>0x7929</value>
      </symbol>
      <symbol id="sm-10fb">
         <name>DMA_ERR_IRQHandler</name>
         <value>0x964b</value>
      </symbol>
      <symbol id="sm-10fc">
         <name>DMA_INT3_IRQHandler</name>
         <value>0x964b</value>
      </symbol>
      <symbol id="sm-10fd">
         <name>DMA_INT2_IRQHandler</name>
         <value>0x964b</value>
      </symbol>
      <symbol id="sm-10fe">
         <name>DMA_INT1_IRQHandler</name>
         <value>0x964b</value>
      </symbol>
      <symbol id="sm-10ff">
         <name>DMA_INT0_IRQHandler</name>
         <value>0x964b</value>
      </symbol>
      <symbol id="sm-1100">
         <name>PORT1_IRQHandler</name>
         <value>0x7e87</value>
      </symbol>
      <symbol id="sm-1101">
         <name>PORT2_IRQHandler</name>
         <value>0x818b</value>
      </symbol>
      <symbol id="sm-1102">
         <name>PORT3_IRQHandler</name>
         <value>0x964b</value>
      </symbol>
      <symbol id="sm-1103">
         <name>PORT4_IRQHandler</name>
         <value>0x964b</value>
      </symbol>
      <symbol id="sm-1104">
         <name>PORT5_IRQHandler</name>
         <value>0x964b</value>
      </symbol>
      <symbol id="sm-1105">
         <name>PORT6_IRQHandler</name>
         <value>0x964b</value>
      </symbol>
      <symbol id="sm-1106">
         <name>remove</name>
         <value>0x93e9</value>
      </symbol>
   </symbol_table>
   <title>Link successful</title>
</link_info>
